Archive member included to satisfy reference by file (symbol)

c:/intelfpga_lite/18.1/nios2eds/bin/gnu/h-x86_64-mingw32/bin/../lib/gcc/nios2-elf/5.3.0/mno-hw-mul\libgcc.a(addsf3.o)
                              obj/default/led_acceleromter_main.o (__addsf3)
c:/intelfpga_lite/18.1/nios2eds/bin/gnu/h-x86_64-mingw32/bin/../lib/gcc/nios2-elf/5.3.0/mno-hw-mul\libgcc.a(mulsf3.o)
                              obj/default/led_acceleromter_main.o (__mulsf3)
c:/intelfpga_lite/18.1/nios2eds/bin/gnu/h-x86_64-mingw32/bin/../lib/gcc/nios2-elf/5.3.0/mno-hw-mul\libgcc.a(fixsfsi.o)
                              obj/default/led_acceleromter_main.o (__fixsfsi)
c:/intelfpga_lite/18.1/nios2eds/bin/gnu/h-x86_64-mingw32/bin/../lib/gcc/nios2-elf/5.3.0/mno-hw-mul\libgcc.a(floatsisf.o)
                              obj/default/led_acceleromter_main.o (__floatsisf)
c:/intelfpga_lite/18.1/nios2eds/bin/gnu/h-x86_64-mingw32/bin/../lib/gcc/nios2-elf/5.3.0/mno-hw-mul\libgcc.a(floatunsisf.o)
                              obj/default/led_acceleromter_main.o (__floatunsisf)
c:/intelfpga_lite/18.1/nios2eds/bin/gnu/h-x86_64-mingw32/bin/../lib/gcc/nios2-elf/5.3.0/mno-hw-mul\libgcc.a(extendsfdf2.o)
                              obj/default/led_acceleromter_main.o (__extendsfdf2)
c:/intelfpga_lite/18.1/nios2eds/bin/gnu/h-x86_64-mingw32/bin/../lib/gcc/nios2-elf/5.3.0/mno-hw-mul\libgcc.a(_clzsi2.o)
                              c:/intelfpga_lite/18.1/nios2eds/bin/gnu/h-x86_64-mingw32/bin/../lib/gcc/nios2-elf/5.3.0/mno-hw-mul\libgcc.a(addsf3.o) (__clzsi2)
c:/intelfpga_lite/18.1/nios2eds/bin/gnu/h-x86_64-mingw32/bin/../lib/gcc/nios2-elf/5.3.0/mno-hw-mul\libgcc.a(lib2-mul.o)
                              c:/intelfpga_lite/18.1/nios2eds/bin/gnu/h-x86_64-mingw32/bin/../lib/gcc/nios2-elf/5.3.0/mno-hw-mul\libgcc.a(mulsf3.o) (__mulsi3)
c:/intelfpga_lite/18.1/nios2eds/bin/gnu/h-x86_64-mingw32/bin/../lib/gcc/nios2-elf/5.3.0/mno-hw-mul\libgcc.a(_clz.o)
                              c:/intelfpga_lite/18.1/nios2eds/bin/gnu/h-x86_64-mingw32/bin/../lib/gcc/nios2-elf/5.3.0/mno-hw-mul\libgcc.a(_clzsi2.o) (__clz_tab)
../accelerometer_c_bsp/\libhal_bsp.a(alt_irq_register.o)
                              obj/default/led_acceleromter_main.o (alt_irq_register)
../accelerometer_c_bsp/\libhal_bsp.a(alt_irq_vars.o)
                              ../accelerometer_c_bsp/\libhal_bsp.a(alt_irq_register.o) (alt_irq_active)
../accelerometer_c_bsp/\libhal_bsp.a(alt_load.o)
                              ../accelerometer_c_bsp//obj/HAL/src/crt0.o (alt_load)
../accelerometer_c_bsp/\libhal_bsp.a(alt_main.o)
                              ../accelerometer_c_bsp//obj/HAL/src/crt0.o (alt_main)
../accelerometer_c_bsp/\libhal_bsp.a(alt_printf.o)
                              obj/default/led_acceleromter_main.o (alt_printf)
../accelerometer_c_bsp/\libhal_bsp.a(alt_putchar.o)
                              ../accelerometer_c_bsp/\libhal_bsp.a(alt_printf.o) (alt_putchar)
../accelerometer_c_bsp/\libhal_bsp.a(alt_times.o)
                              obj/default/led_acceleromter_main.o (times)
../accelerometer_c_bsp/\libhal_bsp.a(alt_sys_init.o)
                              ../accelerometer_c_bsp/\libhal_bsp.a(alt_main.o) (alt_irq_init)
../accelerometer_c_bsp/\libhal_bsp.a(altera_avalon_jtag_uart_write.o)
                              ../accelerometer_c_bsp/\libhal_bsp.a(alt_putchar.o) (altera_avalon_jtag_uart_write)
../accelerometer_c_bsp/\libhal_bsp.a(altera_avalon_timer_vars.o)
                              ../accelerometer_c_bsp/\libhal_bsp.a(alt_sys_init.o) (altera_avalon_timer_ts_freq)
../accelerometer_c_bsp/\libhal_bsp.a(altera_up_avalon_accelerometer_spi.o)
                              obj/default/led_acceleromter_main.o (alt_up_accelerometer_spi_open_dev)
../accelerometer_c_bsp/\libhal_bsp.a(alt_dcache_flush_all.o)
                              ../accelerometer_c_bsp/\libhal_bsp.a(alt_load.o) (alt_dcache_flush_all)
../accelerometer_c_bsp/\libhal_bsp.a(alt_dev.o)
                              ../accelerometer_c_bsp/\libhal_bsp.a(alt_sys_init.o) (alt_dev_list)
../accelerometer_c_bsp/\libhal_bsp.a(alt_dev_llist_insert.o)
                              ../accelerometer_c_bsp/\libhal_bsp.a(alt_sys_init.o) (alt_dev_llist_insert)
../accelerometer_c_bsp/\libhal_bsp.a(alt_errno.o)
                              ../accelerometer_c_bsp/\libhal_bsp.a(alt_times.o) (alt_errno)
../accelerometer_c_bsp/\libhal_bsp.a(alt_find_dev.o)
                              ../accelerometer_c_bsp/\libhal_bsp.a(altera_up_avalon_accelerometer_spi.o) (alt_find_dev)
../accelerometer_c_bsp/\libhal_bsp.a(alt_icache_flush_all.o)
                              ../accelerometer_c_bsp/\libhal_bsp.a(alt_load.o) (alt_icache_flush_all)
../accelerometer_c_bsp/\libhal_bsp.a(alt_irq_entry.o)
                              ../accelerometer_c_bsp/\libhal_bsp.a(alt_irq_register.o) (alt_irq_entry)
../accelerometer_c_bsp/\libhal_bsp.a(alt_irq_handler.o)
                              ../accelerometer_c_bsp/\libhal_bsp.a(alt_irq_register.o) (alt_irq_handler)
../accelerometer_c_bsp/\libhal_bsp.a(alt_tick.o)
                              ../accelerometer_c_bsp/\libhal_bsp.a(alt_times.o) (_alt_nticks)
../accelerometer_c_bsp/\libhal_bsp.a(altera_nios2_gen2_irq.o)
                              ../accelerometer_c_bsp/\libhal_bsp.a(alt_sys_init.o) (altera_nios2_gen2_irq_init)
../accelerometer_c_bsp/\libhal_bsp.a(alt_exception_entry.o)
                              ../accelerometer_c_bsp/\libhal_bsp.a(alt_irq_entry.o) (alt_exception)
../accelerometer_c_bsp/\libhal_bsp.a(alt_instruction_exception_entry.o)
                              ../accelerometer_c_bsp/\libhal_bsp.a(alt_exception_entry.o) (alt_instruction_exception_entry)
c:/intelfpga_lite/18.1/nios2eds/bin/gnu/h-x86_64-mingw32/bin/../lib/gcc/nios2-elf/5.3.0/../../../../../H-x86_64-mingw32/nios2-elf/lib/mno-hw-mul\libsmallc.a(lib_a-int_errno.o)
                              ../accelerometer_c_bsp/\libhal_bsp.a(alt_times.o) (errno)
c:/intelfpga_lite/18.1/nios2eds/bin/gnu/h-x86_64-mingw32/bin/../lib/gcc/nios2-elf/5.3.0/../../../../../H-x86_64-mingw32/nios2-elf/lib/mno-hw-mul\libsmallc.a(lib_a-memcmp.o)
                              ../accelerometer_c_bsp/\libhal_bsp.a(alt_find_dev.o) (memcmp)
c:/intelfpga_lite/18.1/nios2eds/bin/gnu/h-x86_64-mingw32/bin/../lib/gcc/nios2-elf/5.3.0/../../../../../H-x86_64-mingw32/nios2-elf/lib/mno-hw-mul\libsmallc.a(lib_a-strlen.o)
                              ../accelerometer_c_bsp/\libhal_bsp.a(alt_find_dev.o) (strlen)

Allocating common symbols
Common symbol       size              file

alt_irq             0x100             ../accelerometer_c_bsp/\libhal_bsp.a(alt_irq_handler.o)
errno               0x4               c:/intelfpga_lite/18.1/nios2eds/bin/gnu/h-x86_64-mingw32/bin/../lib/gcc/nios2-elf/5.3.0/../../../../../H-x86_64-mingw32/nios2-elf/lib/mno-hw-mul\libsmallc.a(lib_a-int_errno.o)
led                 0x1               obj/default/led_acceleromter_main.o
level               0x4               obj/default/led_acceleromter_main.o

Memory Configuration

Name             Origin             Length             Attributes
reset            0x0000000000010000 0x0000000000000020
onchip_memory    0x0000000000010020 0x000000000000ffe0
*default*        0x0000000000000000 0xffffffffffffffff

Linker script and memory map

LOAD ../accelerometer_c_bsp//obj/HAL/src/crt0.o
LOAD obj/default/led_acceleromter_main.o
LOAD c:/intelfpga_lite/18.1/nios2eds/bin/gnu/h-x86_64-mingw32/bin/../lib/gcc/nios2-elf/5.3.0/../../../../../H-x86_64-mingw32/nios2-elf/lib/mno-hw-mul\libstdc++.a
LOAD c:/intelfpga_lite/18.1/nios2eds/bin/gnu/h-x86_64-mingw32/bin/../lib/gcc/nios2-elf/5.3.0/../../../../../H-x86_64-mingw32/nios2-elf/lib/mno-hw-mul\libm.a
LOAD c:/intelfpga_lite/18.1/nios2eds/bin/gnu/h-x86_64-mingw32/bin/../lib/gcc/nios2-elf/5.3.0/mno-hw-mul\libgcc.a
START GROUP
LOAD c:/intelfpga_lite/18.1/nios2eds/bin/gnu/h-x86_64-mingw32/bin/../lib/gcc/nios2-elf/5.3.0/../../../../../H-x86_64-mingw32/nios2-elf/lib/mno-hw-mul\libsmallc.a
LOAD c:/intelfpga_lite/18.1/nios2eds/bin/gnu/h-x86_64-mingw32/bin/../lib/gcc/nios2-elf/5.3.0/mno-hw-mul\libgcc.a
LOAD ../accelerometer_c_bsp/\libhal_bsp.a
LOAD c:/intelfpga_lite/18.1/nios2eds/bin/gnu/h-x86_64-mingw32/bin/../lib/gcc/nios2-elf/5.3.0/../../../../../H-x86_64-mingw32/nios2-elf/lib/mno-hw-mul\libm.a
END GROUP
LOAD c:/intelfpga_lite/18.1/nios2eds/bin/gnu/h-x86_64-mingw32/bin/../lib/gcc/nios2-elf/5.3.0/mno-hw-mul\libgcc.a
                0x0000000000010000                __alt_mem_onchip_memory = 0x10000

.entry          0x0000000000010000       0x20
 *(.entry)
 .entry         0x0000000000010000       0x20 ../accelerometer_c_bsp//obj/HAL/src/crt0.o
                0x0000000000010000                __reset
                0x000000000001000c                _exit

.exceptions     0x0000000000010020      0x160
                0x0000000000010020                PROVIDE (__ram_exceptions_start, ABSOLUTE (.))
                0x0000000000010020                . = ALIGN (0x20)
 *(.irq)
 *(.exceptions.entry.label)
 .exceptions.entry.label
                0x0000000000010020        0x0 ../accelerometer_c_bsp/\libhal_bsp.a(alt_irq_entry.o)
                0x0000000000010020                alt_irq_entry
 .exceptions.entry.label
                0x0000000000010020        0x0 ../accelerometer_c_bsp/\libhal_bsp.a(alt_exception_entry.o)
                0x0000000000010020                alt_exception
 *(.exceptions.entry.user)
 *(.exceptions.entry.ecc_fatal)
 *(.exceptions.entry)
 .exceptions.entry
                0x0000000000010020       0x54 ../accelerometer_c_bsp/\libhal_bsp.a(alt_exception_entry.o)
 *(.exceptions.irqtest.user)
 *(.exceptions.irqtest)
 .exceptions.irqtest
                0x0000000000010074       0x10 ../accelerometer_c_bsp/\libhal_bsp.a(alt_irq_entry.o)
 *(.exceptions.irqhandler.user)
 *(.exceptions.irqhandler)
 .exceptions.irqhandler
                0x0000000000010084        0x4 ../accelerometer_c_bsp/\libhal_bsp.a(alt_irq_entry.o)
 *(.exceptions.irqreturn.user)
 *(.exceptions.irqreturn)
 .exceptions.irqreturn
                0x0000000000010088        0x4 ../accelerometer_c_bsp/\libhal_bsp.a(alt_irq_entry.o)
 *(.exceptions.notirq.label)
 .exceptions.notirq.label
                0x000000000001008c        0x0 ../accelerometer_c_bsp/\libhal_bsp.a(alt_irq_entry.o)
 *(.exceptions.notirq.user)
 *(.exceptions.notirq)
 .exceptions.notirq
                0x000000000001008c        0x8 ../accelerometer_c_bsp/\libhal_bsp.a(alt_exception_entry.o)
 *(.exceptions.soft.user)
 *(.exceptions.soft)
 *(.exceptions.unknown.user)
 *(.exceptions.unknown)
 .exceptions.unknown
                0x0000000000010094       0x14 ../accelerometer_c_bsp/\libhal_bsp.a(alt_exception_entry.o)
 *(.exceptions.exit.label)
 .exceptions.exit.label
                0x00000000000100a8        0x0 ../accelerometer_c_bsp/\libhal_bsp.a(alt_irq_entry.o)
 .exceptions.exit.label
                0x00000000000100a8        0x0 ../accelerometer_c_bsp/\libhal_bsp.a(alt_exception_entry.o)
 *(.exceptions.exit.user)
 *(.exceptions.exit)
 .exceptions.exit
                0x00000000000100a8       0x54 ../accelerometer_c_bsp/\libhal_bsp.a(alt_exception_entry.o)
 *(.exceptions)
 .exceptions    0x00000000000100fc       0x60 ../accelerometer_c_bsp/\libhal_bsp.a(alt_irq_handler.o)
                0x00000000000100fc                alt_irq_handler
 .exceptions    0x000000000001015c       0x24 ../accelerometer_c_bsp/\libhal_bsp.a(alt_instruction_exception_entry.o)
                0x000000000001015c                alt_instruction_exception_entry
                0x0000000000010180                PROVIDE (__ram_exceptions_end, ABSOLUTE (.))
                0x0000000000010020                PROVIDE (__flash_exceptions_start, LOADADDR (.exceptions))

.text           0x0000000000010180     0x1894
                [!provide]                        PROVIDE (stext, ABSOLUTE (.))
 *(.interp)
 *(.hash)
 *(.dynsym)
 *(.dynstr)
 *(.gnu.version)
 *(.gnu.version_d)
 *(.gnu.version_r)
 *(.rel.init)
 *(.rela.init)
 *(.rel.text .rel.text.* .rel.gnu.linkonce.t.*)
 *(.rela.text .rela.text.* .rela.gnu.linkonce.t.*)
 *(.rel.fini)
 *(.rela.fini)
 *(.rel.rodata .rel.rodata.* .rel.gnu.linkonce.r.*)
 *(.rela.rodata .rela.rodata.* .rela.gnu.linkonce.r.*)
 *(.rel.data .rel.data.* .rel.gnu.linkonce.d.*)
 *(.rela.data .rela.data.* .rela.gnu.linkonce.d.*)
 *(.rel.tdata .rel.tdata.* .rel.gnu.linkonce.td.*)
 *(.rela.tdata .rela.tdata.* .rela.gnu.linkonce.td.*)
 *(.rel.tbss .rel.tbss.* .rel.gnu.linkonce.tb.*)
 *(.rela.tbss .rela.tbss.* .rela.gnu.linkonce.tb.*)
 *(.rel.ctors)
 *(.rela.ctors)
 *(.rel.dtors)
 *(.rela.dtors)
 *(.rel.got)
 *(.rela.got)
 *(.rel.sdata .rel.sdata.* .rel.gnu.linkonce.s.*)
 *(.rela.sdata .rela.sdata.* .rela.gnu.linkonce.s.*)
 *(.rel.sbss .rel.sbss.* .rel.gnu.linkonce.sb.*)
 *(.rela.sbss .rela.sbss.* .rela.gnu.linkonce.sb.*)
 *(.rel.sdata2 .rel.sdata2.* .rel.gnu.linkonce.s2.*)
 *(.rela.sdata2 .rela.sdata2.* .rela.gnu.linkonce.s2.*)
 *(.rel.sbss2 .rel.sbss2.* .rel.gnu.linkonce.sb2.*)
 *(.rela.sbss2 .rela.sbss2.* .rela.gnu.linkonce.sb2.*)
 *(.rel.bss .rel.bss.* .rel.gnu.linkonce.b.*)
 *(.rela.bss .rela.bss.* .rela.gnu.linkonce.b.*)
 *(.rel.plt)
 *(.rela.plt)
 *(.rel.dyn)
 *(.init)
 *(.plt)
 *(.text .stub .text.* .gnu.linkonce.t.*)
 .text          0x0000000000010180       0x3c ../accelerometer_c_bsp//obj/HAL/src/crt0.o
                0x0000000000010180                _start
 .text          0x00000000000101bc      0x264 obj/default/led_acceleromter_main.o
                0x00000000000101bc                sys_timer_isr
                0x000000000001023c                initFIR
                0x0000000000010278                led_write
                0x000000000001028c                FIRLP
                0x0000000000010350                convert_read
                0x00000000000103b0                timer_init
 .text.startup  0x0000000000010420       0xa4 obj/default/led_acceleromter_main.o
                0x0000000000010420                main
 .text          0x00000000000104c4      0x4c8 c:/intelfpga_lite/18.1/nios2eds/bin/gnu/h-x86_64-mingw32/bin/../lib/gcc/nios2-elf/5.3.0/mno-hw-mul\libgcc.a(addsf3.o)
                0x00000000000104c4                __addsf3
 .text          0x000000000001098c      0x430 c:/intelfpga_lite/18.1/nios2eds/bin/gnu/h-x86_64-mingw32/bin/../lib/gcc/nios2-elf/5.3.0/mno-hw-mul\libgcc.a(mulsf3.o)
                0x000000000001098c                __mulsf3
 .text          0x0000000000010dbc       0x70 c:/intelfpga_lite/18.1/nios2eds/bin/gnu/h-x86_64-mingw32/bin/../lib/gcc/nios2-elf/5.3.0/mno-hw-mul\libgcc.a(fixsfsi.o)
                0x0000000000010dbc                __fixsfsi
 .text          0x0000000000010e2c      0x124 c:/intelfpga_lite/18.1/nios2eds/bin/gnu/h-x86_64-mingw32/bin/../lib/gcc/nios2-elf/5.3.0/mno-hw-mul\libgcc.a(floatsisf.o)
                0x0000000000010e2c                __floatsisf
 .text          0x0000000000010f50       0xf0 c:/intelfpga_lite/18.1/nios2eds/bin/gnu/h-x86_64-mingw32/bin/../lib/gcc/nios2-elf/5.3.0/mno-hw-mul\libgcc.a(floatunsisf.o)
                0x0000000000010f50                __floatunsisf
 .text          0x0000000000011040      0x110 c:/intelfpga_lite/18.1/nios2eds/bin/gnu/h-x86_64-mingw32/bin/../lib/gcc/nios2-elf/5.3.0/mno-hw-mul\libgcc.a(extendsfdf2.o)
                0x0000000000011040                __extendsfdf2
 .text          0x0000000000011150       0x64 c:/intelfpga_lite/18.1/nios2eds/bin/gnu/h-x86_64-mingw32/bin/../lib/gcc/nios2-elf/5.3.0/mno-hw-mul\libgcc.a(_clzsi2.o)
                0x0000000000011150                __clzsi2
 .text          0x00000000000111b4       0x28 c:/intelfpga_lite/18.1/nios2eds/bin/gnu/h-x86_64-mingw32/bin/../lib/gcc/nios2-elf/5.3.0/mno-hw-mul\libgcc.a(lib2-mul.o)
                0x00000000000111b4                __mulsi3
 .text          0x00000000000111dc        0x0 c:/intelfpga_lite/18.1/nios2eds/bin/gnu/h-x86_64-mingw32/bin/../lib/gcc/nios2-elf/5.3.0/mno-hw-mul\libgcc.a(_clz.o)
 .text          0x00000000000111dc       0x94 ../accelerometer_c_bsp/\libhal_bsp.a(alt_irq_register.o)
                0x00000000000111dc                alt_irq_register
 .text          0x0000000000011270        0x0 ../accelerometer_c_bsp/\libhal_bsp.a(alt_irq_vars.o)
 .text          0x0000000000011270       0xe0 ../accelerometer_c_bsp/\libhal_bsp.a(alt_load.o)
                0x0000000000011270                alt_load
 .text          0x0000000000011350       0x2c ../accelerometer_c_bsp/\libhal_bsp.a(alt_main.o)
                0x0000000000011350                alt_main
 .text          0x000000000001137c      0x170 ../accelerometer_c_bsp/\libhal_bsp.a(alt_printf.o)
                0x000000000001137c                alt_printf
 .text          0x00000000000114ec       0x48 ../accelerometer_c_bsp/\libhal_bsp.a(alt_putchar.o)
                0x00000000000114ec                alt_putchar
 .text          0x0000000000011534       0x60 ../accelerometer_c_bsp/\libhal_bsp.a(alt_times.o)
                0x0000000000011534                times
 .text          0x0000000000011594       0x48 ../accelerometer_c_bsp/\libhal_bsp.a(alt_sys_init.o)
                0x0000000000011594                alt_irq_init
                0x00000000000115b4                alt_sys_init
 .text          0x00000000000115dc       0x34 ../accelerometer_c_bsp/\libhal_bsp.a(altera_avalon_jtag_uart_write.o)
                0x00000000000115dc                altera_avalon_jtag_uart_write
 .text          0x0000000000011610        0x0 ../accelerometer_c_bsp/\libhal_bsp.a(altera_avalon_timer_vars.o)
 .text          0x0000000000011610      0x160 ../accelerometer_c_bsp/\libhal_bsp.a(altera_up_avalon_accelerometer_spi.o)
                0x0000000000011610                alt_up_accelerometer_spi_open_dev
                0x0000000000011618                alt_up_accelerometer_spi_read_address_register
                0x000000000001162c                alt_up_accelerometer_spi_read
                0x000000000001164c                alt_up_accelerometer_spi_write
                0x0000000000011668                alt_up_accelerometer_spi_read_x_axis
                0x00000000000116c0                alt_up_accelerometer_spi_read_y_axis
                0x0000000000011718                alt_up_accelerometer_spi_read_z_axis
 .text          0x0000000000011770        0x4 ../accelerometer_c_bsp/\libhal_bsp.a(alt_dcache_flush_all.o)
                0x0000000000011770                alt_dcache_flush_all
 .text          0x0000000000011774        0x8 ../accelerometer_c_bsp/\libhal_bsp.a(alt_dev.o)
 .text          0x000000000001177c       0x6c ../accelerometer_c_bsp/\libhal_bsp.a(alt_dev_llist_insert.o)
                0x000000000001177c                alt_dev_llist_insert
 .text          0x00000000000117e8        0x0 ../accelerometer_c_bsp/\libhal_bsp.a(alt_errno.o)
 .text          0x00000000000117e8       0x74 ../accelerometer_c_bsp/\libhal_bsp.a(alt_find_dev.o)
                0x00000000000117e8                alt_find_dev
 .text          0x000000000001185c        0x4 ../accelerometer_c_bsp/\libhal_bsp.a(alt_icache_flush_all.o)
                0x000000000001185c                alt_icache_flush_all
 .text          0x0000000000011860        0x0 ../accelerometer_c_bsp/\libhal_bsp.a(alt_irq_entry.o)
 .text          0x0000000000011860        0x0 ../accelerometer_c_bsp/\libhal_bsp.a(alt_irq_handler.o)
 .text          0x0000000000011860       0xec ../accelerometer_c_bsp/\libhal_bsp.a(alt_tick.o)
                0x0000000000011860                alt_alarm_stop
                0x0000000000011894                alt_tick
 .text          0x000000000001194c        0x8 ../accelerometer_c_bsp/\libhal_bsp.a(altera_nios2_gen2_irq.o)
                0x000000000001194c                altera_nios2_gen2_irq_init
 .text          0x0000000000011954        0x0 ../accelerometer_c_bsp/\libhal_bsp.a(alt_exception_entry.o)
 .text          0x0000000000011954       0x74 ../accelerometer_c_bsp/\libhal_bsp.a(alt_instruction_exception_entry.o)
                0x0000000000011954                alt_exception_cause_generated_bad_addr
 .text          0x00000000000119c8        0x0 c:/intelfpga_lite/18.1/nios2eds/bin/gnu/h-x86_64-mingw32/bin/../lib/gcc/nios2-elf/5.3.0/../../../../../H-x86_64-mingw32/nios2-elf/lib/mno-hw-mul\libsmallc.a(lib_a-int_errno.o)
 .text          0x00000000000119c8        0x0 c:/intelfpga_lite/18.1/nios2eds/bin/gnu/h-x86_64-mingw32/bin/../lib/gcc/nios2-elf/5.3.0/../../../../../H-x86_64-mingw32/nios2-elf/lib/mno-hw-mul\libsmallc.a(lib_a-memcmp.o)
 .text.memcmp   0x00000000000119c8       0x30 c:/intelfpga_lite/18.1/nios2eds/bin/gnu/h-x86_64-mingw32/bin/../lib/gcc/nios2-elf/5.3.0/../../../../../H-x86_64-mingw32/nios2-elf/lib/mno-hw-mul\libsmallc.a(lib_a-memcmp.o)
                0x00000000000119c8                memcmp
 .text          0x00000000000119f8        0x0 c:/intelfpga_lite/18.1/nios2eds/bin/gnu/h-x86_64-mingw32/bin/../lib/gcc/nios2-elf/5.3.0/../../../../../H-x86_64-mingw32/nios2-elf/lib/mno-hw-mul\libsmallc.a(lib_a-strlen.o)
 .text.strlen   0x00000000000119f8       0x1c c:/intelfpga_lite/18.1/nios2eds/bin/gnu/h-x86_64-mingw32/bin/../lib/gcc/nios2-elf/5.3.0/../../../../../H-x86_64-mingw32/nios2-elf/lib/mno-hw-mul\libsmallc.a(lib_a-strlen.o)
                0x00000000000119f8                strlen
 *(.gnu.warning.*)
 *(.fini)
                [!provide]                        PROVIDE (__etext, ABSOLUTE (.))
                [!provide]                        PROVIDE (_etext, ABSOLUTE (.))
                [!provide]                        PROVIDE (etext, ABSOLUTE (.))
 *(.eh_frame_hdr)
                0x0000000000011a14                . = ALIGN (0x4)
                [!provide]                        PROVIDE (__preinit_array_start, ABSOLUTE (.))
 *(.preinit_array)
                [!provide]                        PROVIDE (__preinit_array_end, ABSOLUTE (.))
                [!provide]                        PROVIDE (__init_array_start, ABSOLUTE (.))
 *(.init_array)
                [!provide]                        PROVIDE (__init_array_end, ABSOLUTE (.))
                [!provide]                        PROVIDE (__fini_array_start, ABSOLUTE (.))
 *(.fini_array)
                [!provide]                        PROVIDE (__fini_array_end, ABSOLUTE (.))
 *(.eh_frame)
 *(.gcc_except_table .gcc_except_table.*)
 *(.dynamic)
                [!provide]                        PROVIDE (__CTOR_LIST__, ABSOLUTE (.))
 *(.ctors)
 *(SORT(.ctors.*))
                [!provide]                        PROVIDE (__CTOR_END__, ABSOLUTE (.))
                [!provide]                        PROVIDE (__DTOR_LIST__, ABSOLUTE (.))
 *(.dtors)
 *(SORT(.dtors.*))
                [!provide]                        PROVIDE (__DTOR_END__, ABSOLUTE (.))
 *(.jcr)
                0x0000000000011a14                . = ALIGN (0x4)

.rodata         0x0000000000011a14      0x13c
                0x0000000000011a14                PROVIDE (__ram_rodata_start, ABSOLUTE (.))
                0x0000000000011a14                . = ALIGN (0x4)
 *(.rodata .rodata.* .gnu.linkonce.r.*)
 .rodata.str1.4
                0x0000000000011a14       0x2d obj/default/led_acceleromter_main.o
 .rodata        0x0000000000011a41      0x100 c:/intelfpga_lite/18.1/nios2eds/bin/gnu/h-x86_64-mingw32/bin/../lib/gcc/nios2-elf/5.3.0/mno-hw-mul\libgcc.a(_clz.o)
                0x0000000000011a41                __clz_tab
 .rodata.str1.4
                0x0000000000011b41       0x17 ../accelerometer_c_bsp/\libhal_bsp.a(alt_sys_init.o)
 *fill*         0x0000000000011b41        0x3 
 .rodata.str1.4
                0x0000000000011b44        0xc ../accelerometer_c_bsp/\libhal_bsp.a(alt_dev.o)
                                          0xa (size before relaxing)
 *(.rodata1)
                0x0000000000011b50                . = ALIGN (0x4)
                0x0000000000011b50                PROVIDE (__ram_rodata_end, ABSOLUTE (.))
                0x0000000000011a14                PROVIDE (__flash_rodata_start, LOADADDR (.rodata))

.rwdata         0x0000000000011b50       0xac load address 0x0000000000011bfc
                0x0000000000011b50                PROVIDE (__ram_rwdata_start, ABSOLUTE (.))
                0x0000000000011b50                . = ALIGN (0x4)
 *(.got.plt)
 *(.got)
 *(.data1)
 *(.data .data.* .gnu.linkonce.d.*)
 .data          0x0000000000011b50        0x0 ../accelerometer_c_bsp//obj/HAL/src/crt0.o
 .data          0x0000000000011b50        0x0 obj/default/led_acceleromter_main.o
 .data          0x0000000000011b50        0x0 c:/intelfpga_lite/18.1/nios2eds/bin/gnu/h-x86_64-mingw32/bin/../lib/gcc/nios2-elf/5.3.0/mno-hw-mul\libgcc.a(addsf3.o)
 .data          0x0000000000011b50        0x0 c:/intelfpga_lite/18.1/nios2eds/bin/gnu/h-x86_64-mingw32/bin/../lib/gcc/nios2-elf/5.3.0/mno-hw-mul\libgcc.a(mulsf3.o)
 .data          0x0000000000011b50        0x0 c:/intelfpga_lite/18.1/nios2eds/bin/gnu/h-x86_64-mingw32/bin/../lib/gcc/nios2-elf/5.3.0/mno-hw-mul\libgcc.a(fixsfsi.o)
 .data          0x0000000000011b50        0x0 c:/intelfpga_lite/18.1/nios2eds/bin/gnu/h-x86_64-mingw32/bin/../lib/gcc/nios2-elf/5.3.0/mno-hw-mul\libgcc.a(floatsisf.o)
 .data          0x0000000000011b50        0x0 c:/intelfpga_lite/18.1/nios2eds/bin/gnu/h-x86_64-mingw32/bin/../lib/gcc/nios2-elf/5.3.0/mno-hw-mul\libgcc.a(floatunsisf.o)
 .data          0x0000000000011b50        0x0 c:/intelfpga_lite/18.1/nios2eds/bin/gnu/h-x86_64-mingw32/bin/../lib/gcc/nios2-elf/5.3.0/mno-hw-mul\libgcc.a(extendsfdf2.o)
 .data          0x0000000000011b50        0x0 c:/intelfpga_lite/18.1/nios2eds/bin/gnu/h-x86_64-mingw32/bin/../lib/gcc/nios2-elf/5.3.0/mno-hw-mul\libgcc.a(_clzsi2.o)
 .data          0x0000000000011b50        0x0 c:/intelfpga_lite/18.1/nios2eds/bin/gnu/h-x86_64-mingw32/bin/../lib/gcc/nios2-elf/5.3.0/mno-hw-mul\libgcc.a(lib2-mul.o)
 .data          0x0000000000011b50        0x0 c:/intelfpga_lite/18.1/nios2eds/bin/gnu/h-x86_64-mingw32/bin/../lib/gcc/nios2-elf/5.3.0/mno-hw-mul\libgcc.a(_clz.o)
 .data          0x0000000000011b50        0x0 ../accelerometer_c_bsp/\libhal_bsp.a(alt_irq_register.o)
 .data          0x0000000000011b50        0x0 ../accelerometer_c_bsp/\libhal_bsp.a(alt_irq_vars.o)
 .data          0x0000000000011b50        0x0 ../accelerometer_c_bsp/\libhal_bsp.a(alt_load.o)
 .data          0x0000000000011b50        0x0 ../accelerometer_c_bsp/\libhal_bsp.a(alt_main.o)
 .data          0x0000000000011b50        0x0 ../accelerometer_c_bsp/\libhal_bsp.a(alt_printf.o)
 .data          0x0000000000011b50        0x0 ../accelerometer_c_bsp/\libhal_bsp.a(alt_putchar.o)
 .data          0x0000000000011b50        0x0 ../accelerometer_c_bsp/\libhal_bsp.a(alt_times.o)
 .data          0x0000000000011b50       0x2c ../accelerometer_c_bsp/\libhal_bsp.a(alt_sys_init.o)
 .data          0x0000000000011b7c        0x0 ../accelerometer_c_bsp/\libhal_bsp.a(altera_avalon_jtag_uart_write.o)
 .data          0x0000000000011b7c        0x0 ../accelerometer_c_bsp/\libhal_bsp.a(altera_avalon_timer_vars.o)
 .data          0x0000000000011b7c        0x0 ../accelerometer_c_bsp/\libhal_bsp.a(altera_up_avalon_accelerometer_spi.o)
 .data          0x0000000000011b7c        0x0 ../accelerometer_c_bsp/\libhal_bsp.a(alt_dcache_flush_all.o)
 .data          0x0000000000011b7c       0x58 ../accelerometer_c_bsp/\libhal_bsp.a(alt_dev.o)
                0x0000000000011b7c                alt_fd_list
                0x0000000000011bac                alt_dev_null
 .data          0x0000000000011bd4        0x0 ../accelerometer_c_bsp/\libhal_bsp.a(alt_dev_llist_insert.o)
 .data          0x0000000000011bd4        0x0 ../accelerometer_c_bsp/\libhal_bsp.a(alt_errno.o)
 .data          0x0000000000011bd4        0x0 ../accelerometer_c_bsp/\libhal_bsp.a(alt_find_dev.o)
 .data          0x0000000000011bd4        0x0 ../accelerometer_c_bsp/\libhal_bsp.a(alt_icache_flush_all.o)
 .data          0x0000000000011bd4        0x0 ../accelerometer_c_bsp/\libhal_bsp.a(alt_irq_entry.o)
 .data          0x0000000000011bd4        0x0 ../accelerometer_c_bsp/\libhal_bsp.a(alt_irq_handler.o)
 .data          0x0000000000011bd4        0x0 ../accelerometer_c_bsp/\libhal_bsp.a(alt_tick.o)
 .data          0x0000000000011bd4        0x0 ../accelerometer_c_bsp/\libhal_bsp.a(altera_nios2_gen2_irq.o)
 .data          0x0000000000011bd4        0x0 ../accelerometer_c_bsp/\libhal_bsp.a(alt_exception_entry.o)
 .data          0x0000000000011bd4        0x0 ../accelerometer_c_bsp/\libhal_bsp.a(alt_instruction_exception_entry.o)
 .data          0x0000000000011bd4        0x0 c:/intelfpga_lite/18.1/nios2eds/bin/gnu/h-x86_64-mingw32/bin/../lib/gcc/nios2-elf/5.3.0/../../../../../H-x86_64-mingw32/nios2-elf/lib/mno-hw-mul\libsmallc.a(lib_a-int_errno.o)
 .data          0x0000000000011bd4        0x0 c:/intelfpga_lite/18.1/nios2eds/bin/gnu/h-x86_64-mingw32/bin/../lib/gcc/nios2-elf/5.3.0/../../../../../H-x86_64-mingw32/nios2-elf/lib/mno-hw-mul\libsmallc.a(lib_a-memcmp.o)
 .data          0x0000000000011bd4        0x0 c:/intelfpga_lite/18.1/nios2eds/bin/gnu/h-x86_64-mingw32/bin/../lib/gcc/nios2-elf/5.3.0/../../../../../H-x86_64-mingw32/nios2-elf/lib/mno-hw-mul\libsmallc.a(lib_a-strlen.o)
                0x0000000000019bd4                _gp = ABSOLUTE ((. + 0x8000))
                [!provide]                        PROVIDE (gp, _gp)
 *(.rwdata .rwdata.*)
 *(.sdata .sdata.* .gnu.linkonce.s.*)
 .sdata         0x0000000000011bd4        0x4 ../accelerometer_c_bsp/\libhal_bsp.a(alt_irq_vars.o)
                0x0000000000011bd4                alt_priority_mask
 .sdata         0x0000000000011bd8        0x4 ../accelerometer_c_bsp/\libhal_bsp.a(alt_sys_init.o)
                0x0000000000011bd8                jtag_uart
 .sdata         0x0000000000011bdc       0x14 ../accelerometer_c_bsp/\libhal_bsp.a(alt_dev.o)
                0x0000000000011bdc                alt_max_fd
                0x0000000000011be0                alt_dev_list
                0x0000000000011be8                alt_fs_list
 .sdata         0x0000000000011bf0        0x4 ../accelerometer_c_bsp/\libhal_bsp.a(alt_errno.o)
                0x0000000000011bf0                alt_errno
 .sdata         0x0000000000011bf4        0x8 ../accelerometer_c_bsp/\libhal_bsp.a(alt_tick.o)
                0x0000000000011bf4                alt_alarm_list
 *(.sdata2 .sdata2.* .gnu.linkonce.s2.*)
                0x0000000000011bfc                . = ALIGN (0x4)
                0x0000000000011bfc                _edata = ABSOLUTE (.)
                [!provide]                        PROVIDE (edata, ABSOLUTE (.))
                0x0000000000011bfc                PROVIDE (__ram_rwdata_end, ABSOLUTE (.))
                0x0000000000011bfc                PROVIDE (__flash_rwdata_start, LOADADDR (.rwdata))

.bss            0x0000000000011ca8      0x15c
                0x0000000000011ca8                __bss_start = ABSOLUTE (.)
                [!provide]                        PROVIDE (__sbss_start, ABSOLUTE (.))
                [!provide]                        PROVIDE (___sbss_start, ABSOLUTE (.))
 *(.dynsbss)
 *(.sbss .sbss.* .gnu.linkonce.sb.*)
 .sbss          0x0000000000011ca8        0x1 obj/default/led_acceleromter_main.o
                0x0000000000011ca8                pwm
 *fill*         0x0000000000011ca9        0x3 
 .sbss          0x0000000000011cac        0x8 obj/default/led_acceleromter_main.o
                0x0000000000011cac                led
                0x0000000000011cb0                level
 .sbss          0x0000000000011cb4        0x4 ../accelerometer_c_bsp/\libhal_bsp.a(alt_irq_vars.o)
                0x0000000000011cb4                alt_irq_active
 .sbss          0x0000000000011cb8        0xc ../accelerometer_c_bsp/\libhal_bsp.a(alt_main.o)
                0x0000000000011cb8                alt_envp
                0x0000000000011cbc                alt_argv
                0x0000000000011cc0                alt_argc
 .sbss          0x0000000000011cc4        0x8 ../accelerometer_c_bsp/\libhal_bsp.a(altera_avalon_timer_vars.o)
                0x0000000000011cc4                altera_avalon_timer_ts_freq
                0x0000000000011cc8                altera_avalon_timer_ts_base
 .sbss          0x0000000000011ccc        0x8 ../accelerometer_c_bsp/\libhal_bsp.a(alt_tick.o)
                0x0000000000011ccc                _alt_nticks
                0x0000000000011cd0                _alt_tick_rate
 .sbss          0x0000000000011cd4        0x4 ../accelerometer_c_bsp/\libhal_bsp.a(alt_instruction_exception_entry.o)
                0x0000000000011cd4                alt_instruction_exception_handler
 .sbss          0x0000000000011cd8        0x4 c:/intelfpga_lite/18.1/nios2eds/bin/gnu/h-x86_64-mingw32/bin/../lib/gcc/nios2-elf/5.3.0/../../../../../H-x86_64-mingw32/nios2-elf/lib/mno-hw-mul\libsmallc.a(lib_a-int_errno.o)
                0x0000000000011cd8                errno
 *(.sbss2 .sbss2.* .gnu.linkonce.sb2.*)
 *(.scommon)
                [!provide]                        PROVIDE (__sbss_end, ABSOLUTE (.))
                [!provide]                        PROVIDE (___sbss_end, ABSOLUTE (.))
 *(.dynbss)
 *(.bss .bss.* .gnu.linkonce.b.*)
 .bss           0x0000000000011cdc        0x0 ../accelerometer_c_bsp//obj/HAL/src/crt0.o
 .bss           0x0000000000011cdc       0x28 obj/default/led_acceleromter_main.o
                0x0000000000011cdc                samples
                0x0000000000011cf0                coeffs
 .bss           0x0000000000011d04        0x0 c:/intelfpga_lite/18.1/nios2eds/bin/gnu/h-x86_64-mingw32/bin/../lib/gcc/nios2-elf/5.3.0/mno-hw-mul\libgcc.a(addsf3.o)
 .bss           0x0000000000011d04        0x0 c:/intelfpga_lite/18.1/nios2eds/bin/gnu/h-x86_64-mingw32/bin/../lib/gcc/nios2-elf/5.3.0/mno-hw-mul\libgcc.a(mulsf3.o)
 .bss           0x0000000000011d04        0x0 c:/intelfpga_lite/18.1/nios2eds/bin/gnu/h-x86_64-mingw32/bin/../lib/gcc/nios2-elf/5.3.0/mno-hw-mul\libgcc.a(fixsfsi.o)
 .bss           0x0000000000011d04        0x0 c:/intelfpga_lite/18.1/nios2eds/bin/gnu/h-x86_64-mingw32/bin/../lib/gcc/nios2-elf/5.3.0/mno-hw-mul\libgcc.a(floatsisf.o)
 .bss           0x0000000000011d04        0x0 c:/intelfpga_lite/18.1/nios2eds/bin/gnu/h-x86_64-mingw32/bin/../lib/gcc/nios2-elf/5.3.0/mno-hw-mul\libgcc.a(floatunsisf.o)
 .bss           0x0000000000011d04        0x0 c:/intelfpga_lite/18.1/nios2eds/bin/gnu/h-x86_64-mingw32/bin/../lib/gcc/nios2-elf/5.3.0/mno-hw-mul\libgcc.a(extendsfdf2.o)
 .bss           0x0000000000011d04        0x0 c:/intelfpga_lite/18.1/nios2eds/bin/gnu/h-x86_64-mingw32/bin/../lib/gcc/nios2-elf/5.3.0/mno-hw-mul\libgcc.a(_clzsi2.o)
 .bss           0x0000000000011d04        0x0 c:/intelfpga_lite/18.1/nios2eds/bin/gnu/h-x86_64-mingw32/bin/../lib/gcc/nios2-elf/5.3.0/mno-hw-mul\libgcc.a(lib2-mul.o)
 .bss           0x0000000000011d04        0x0 c:/intelfpga_lite/18.1/nios2eds/bin/gnu/h-x86_64-mingw32/bin/../lib/gcc/nios2-elf/5.3.0/mno-hw-mul\libgcc.a(_clz.o)
 .bss           0x0000000000011d04        0x0 ../accelerometer_c_bsp/\libhal_bsp.a(alt_irq_register.o)
 .bss           0x0000000000011d04        0x0 ../accelerometer_c_bsp/\libhal_bsp.a(alt_irq_vars.o)
 .bss           0x0000000000011d04        0x0 ../accelerometer_c_bsp/\libhal_bsp.a(alt_load.o)
 .bss           0x0000000000011d04        0x0 ../accelerometer_c_bsp/\libhal_bsp.a(alt_main.o)
 .bss           0x0000000000011d04        0x0 ../accelerometer_c_bsp/\libhal_bsp.a(alt_printf.o)
 .bss           0x0000000000011d04        0x0 ../accelerometer_c_bsp/\libhal_bsp.a(alt_putchar.o)
 .bss           0x0000000000011d04        0x0 ../accelerometer_c_bsp/\libhal_bsp.a(alt_times.o)
 .bss           0x0000000000011d04        0x0 ../accelerometer_c_bsp/\libhal_bsp.a(alt_sys_init.o)
 .bss           0x0000000000011d04        0x0 ../accelerometer_c_bsp/\libhal_bsp.a(altera_avalon_jtag_uart_write.o)
 .bss           0x0000000000011d04        0x0 ../accelerometer_c_bsp/\libhal_bsp.a(altera_avalon_timer_vars.o)
 .bss           0x0000000000011d04        0x0 ../accelerometer_c_bsp/\libhal_bsp.a(altera_up_avalon_accelerometer_spi.o)
 .bss           0x0000000000011d04        0x0 ../accelerometer_c_bsp/\libhal_bsp.a(alt_dcache_flush_all.o)
 .bss           0x0000000000011d04        0x0 ../accelerometer_c_bsp/\libhal_bsp.a(alt_dev.o)
 .bss           0x0000000000011d04        0x0 ../accelerometer_c_bsp/\libhal_bsp.a(alt_dev_llist_insert.o)
 .bss           0x0000000000011d04        0x0 ../accelerometer_c_bsp/\libhal_bsp.a(alt_errno.o)
 .bss           0x0000000000011d04        0x0 ../accelerometer_c_bsp/\libhal_bsp.a(alt_find_dev.o)
 .bss           0x0000000000011d04        0x0 ../accelerometer_c_bsp/\libhal_bsp.a(alt_icache_flush_all.o)
 .bss           0x0000000000011d04        0x0 ../accelerometer_c_bsp/\libhal_bsp.a(alt_irq_entry.o)
 .bss           0x0000000000011d04        0x0 ../accelerometer_c_bsp/\libhal_bsp.a(alt_irq_handler.o)
 .bss           0x0000000000011d04        0x0 ../accelerometer_c_bsp/\libhal_bsp.a(alt_tick.o)
 .bss           0x0000000000011d04        0x0 ../accelerometer_c_bsp/\libhal_bsp.a(altera_nios2_gen2_irq.o)
 .bss           0x0000000000011d04        0x0 ../accelerometer_c_bsp/\libhal_bsp.a(alt_exception_entry.o)
 .bss           0x0000000000011d04        0x0 ../accelerometer_c_bsp/\libhal_bsp.a(alt_instruction_exception_entry.o)
 .bss           0x0000000000011d04        0x0 c:/intelfpga_lite/18.1/nios2eds/bin/gnu/h-x86_64-mingw32/bin/../lib/gcc/nios2-elf/5.3.0/../../../../../H-x86_64-mingw32/nios2-elf/lib/mno-hw-mul\libsmallc.a(lib_a-int_errno.o)
 .bss           0x0000000000011d04        0x0 c:/intelfpga_lite/18.1/nios2eds/bin/gnu/h-x86_64-mingw32/bin/../lib/gcc/nios2-elf/5.3.0/../../../../../H-x86_64-mingw32/nios2-elf/lib/mno-hw-mul\libsmallc.a(lib_a-memcmp.o)
 .bss           0x0000000000011d04        0x0 c:/intelfpga_lite/18.1/nios2eds/bin/gnu/h-x86_64-mingw32/bin/../lib/gcc/nios2-elf/5.3.0/../../../../../H-x86_64-mingw32/nios2-elf/lib/mno-hw-mul\libsmallc.a(lib_a-strlen.o)
 *(COMMON)
 COMMON         0x0000000000011d04      0x100 ../accelerometer_c_bsp/\libhal_bsp.a(alt_irq_handler.o)
                0x0000000000011d04                alt_irq
                0x0000000000011e04                . = ALIGN (0x4)
                0x0000000000011e04                __bss_end = ABSOLUTE (.)

.onchip_memory  0x0000000000011e04        0x0
                [!provide]                        PROVIDE (_alt_partition_onchip_memory_start, ABSOLUTE (.))
 *(.onchip_memory .onchip_memory. onchip_memory.*)
                0x0000000000011e04                . = ALIGN (0x4)
                [!provide]                        PROVIDE (_alt_partition_onchip_memory_end, ABSOLUTE (.))
                0x0000000000011e04                _end = ABSOLUTE (.)
                0x0000000000011e04                end = ABSOLUTE (.)
                0x0000000000011e04                __alt_stack_base = ABSOLUTE (.)
                [!provide]                        PROVIDE (_alt_partition_onchip_memory_load_addr, LOADADDR (.onchip_memory))

.stab
 *(.stab)

.stabstr
 *(.stabstr)

.stab.excl
 *(.stab.excl)

.stab.exclstr
 *(.stab.exclstr)

.stab.index
 *(.stab.index)

.stab.indexstr
 *(.stab.indexstr)

.comment        0x0000000000000000       0x23
 *(.comment)
 .comment       0x0000000000000000       0x23 obj/default/led_acceleromter_main.o
                                         0x24 (size before relaxing)
 .comment       0x0000000000000023       0x24 c:/intelfpga_lite/18.1/nios2eds/bin/gnu/h-x86_64-mingw32/bin/../lib/gcc/nios2-elf/5.3.0/mno-hw-mul\libgcc.a(addsf3.o)
 .comment       0x0000000000000023       0x24 c:/intelfpga_lite/18.1/nios2eds/bin/gnu/h-x86_64-mingw32/bin/../lib/gcc/nios2-elf/5.3.0/mno-hw-mul\libgcc.a(mulsf3.o)
 .comment       0x0000000000000023       0x24 c:/intelfpga_lite/18.1/nios2eds/bin/gnu/h-x86_64-mingw32/bin/../lib/gcc/nios2-elf/5.3.0/mno-hw-mul\libgcc.a(fixsfsi.o)
 .comment       0x0000000000000023       0x24 c:/intelfpga_lite/18.1/nios2eds/bin/gnu/h-x86_64-mingw32/bin/../lib/gcc/nios2-elf/5.3.0/mno-hw-mul\libgcc.a(floatsisf.o)
 .comment       0x0000000000000023       0x24 c:/intelfpga_lite/18.1/nios2eds/bin/gnu/h-x86_64-mingw32/bin/../lib/gcc/nios2-elf/5.3.0/mno-hw-mul\libgcc.a(floatunsisf.o)
 .comment       0x0000000000000023       0x24 c:/intelfpga_lite/18.1/nios2eds/bin/gnu/h-x86_64-mingw32/bin/../lib/gcc/nios2-elf/5.3.0/mno-hw-mul\libgcc.a(extendsfdf2.o)
 .comment       0x0000000000000023       0x24 c:/intelfpga_lite/18.1/nios2eds/bin/gnu/h-x86_64-mingw32/bin/../lib/gcc/nios2-elf/5.3.0/mno-hw-mul\libgcc.a(_clzsi2.o)
 .comment       0x0000000000000023       0x24 c:/intelfpga_lite/18.1/nios2eds/bin/gnu/h-x86_64-mingw32/bin/../lib/gcc/nios2-elf/5.3.0/mno-hw-mul\libgcc.a(lib2-mul.o)
 .comment       0x0000000000000023       0x24 c:/intelfpga_lite/18.1/nios2eds/bin/gnu/h-x86_64-mingw32/bin/../lib/gcc/nios2-elf/5.3.0/mno-hw-mul\libgcc.a(_clz.o)
 .comment       0x0000000000000023       0x24 ../accelerometer_c_bsp/\libhal_bsp.a(alt_irq_register.o)
 .comment       0x0000000000000023       0x24 ../accelerometer_c_bsp/\libhal_bsp.a(alt_irq_vars.o)
 .comment       0x0000000000000023       0x24 ../accelerometer_c_bsp/\libhal_bsp.a(alt_load.o)
 .comment       0x0000000000000023       0x24 ../accelerometer_c_bsp/\libhal_bsp.a(alt_main.o)
 .comment       0x0000000000000023       0x24 ../accelerometer_c_bsp/\libhal_bsp.a(alt_printf.o)
 .comment       0x0000000000000023       0x24 ../accelerometer_c_bsp/\libhal_bsp.a(alt_putchar.o)
 .comment       0x0000000000000023       0x24 ../accelerometer_c_bsp/\libhal_bsp.a(alt_times.o)
 .comment       0x0000000000000023       0x24 ../accelerometer_c_bsp/\libhal_bsp.a(alt_sys_init.o)
 .comment       0x0000000000000023       0x24 ../accelerometer_c_bsp/\libhal_bsp.a(altera_avalon_jtag_uart_write.o)
 .comment       0x0000000000000023       0x24 ../accelerometer_c_bsp/\libhal_bsp.a(altera_avalon_timer_vars.o)
 .comment       0x0000000000000023       0x24 ../accelerometer_c_bsp/\libhal_bsp.a(altera_up_avalon_accelerometer_spi.o)
 .comment       0x0000000000000023       0x24 ../accelerometer_c_bsp/\libhal_bsp.a(alt_dcache_flush_all.o)
 .comment       0x0000000000000023       0x24 ../accelerometer_c_bsp/\libhal_bsp.a(alt_dev.o)
 .comment       0x0000000000000023       0x24 ../accelerometer_c_bsp/\libhal_bsp.a(alt_dev_llist_insert.o)
 .comment       0x0000000000000023       0x24 ../accelerometer_c_bsp/\libhal_bsp.a(alt_errno.o)
 .comment       0x0000000000000023       0x24 ../accelerometer_c_bsp/\libhal_bsp.a(alt_find_dev.o)
 .comment       0x0000000000000023       0x24 ../accelerometer_c_bsp/\libhal_bsp.a(alt_icache_flush_all.o)
 .comment       0x0000000000000023       0x24 ../accelerometer_c_bsp/\libhal_bsp.a(alt_irq_handler.o)
 .comment       0x0000000000000023       0x24 ../accelerometer_c_bsp/\libhal_bsp.a(alt_tick.o)
 .comment       0x0000000000000023       0x24 ../accelerometer_c_bsp/\libhal_bsp.a(altera_nios2_gen2_irq.o)
 .comment       0x0000000000000023       0x24 ../accelerometer_c_bsp/\libhal_bsp.a(alt_instruction_exception_entry.o)
 .comment       0x0000000000000023       0x24 c:/intelfpga_lite/18.1/nios2eds/bin/gnu/h-x86_64-mingw32/bin/../lib/gcc/nios2-elf/5.3.0/../../../../../H-x86_64-mingw32/nios2-elf/lib/mno-hw-mul\libsmallc.a(lib_a-int_errno.o)
 .comment       0x0000000000000023       0x24 c:/intelfpga_lite/18.1/nios2eds/bin/gnu/h-x86_64-mingw32/bin/../lib/gcc/nios2-elf/5.3.0/../../../../../H-x86_64-mingw32/nios2-elf/lib/mno-hw-mul\libsmallc.a(lib_a-memcmp.o)
 .comment       0x0000000000000023       0x24 c:/intelfpga_lite/18.1/nios2eds/bin/gnu/h-x86_64-mingw32/bin/../lib/gcc/nios2-elf/5.3.0/../../../../../H-x86_64-mingw32/nios2-elf/lib/mno-hw-mul\libsmallc.a(lib_a-strlen.o)

.debug
 *(.debug)

.line
 *(.line)

.debug_srcinfo
 *(.debug_srcinfo)

.debug_sfnames
 *(.debug_sfnames)

.debug_aranges  0x0000000000000000      0x4b8
 *(.debug_aranges)
 .debug_aranges
                0x0000000000000000       0x28 ../accelerometer_c_bsp//obj/HAL/src/crt0.o
 .debug_aranges
                0x0000000000000028       0x28 obj/default/led_acceleromter_main.o
 .debug_aranges
                0x0000000000000050       0x20 c:/intelfpga_lite/18.1/nios2eds/bin/gnu/h-x86_64-mingw32/bin/../lib/gcc/nios2-elf/5.3.0/mno-hw-mul\libgcc.a(addsf3.o)
 .debug_aranges
                0x0000000000000070       0x20 c:/intelfpga_lite/18.1/nios2eds/bin/gnu/h-x86_64-mingw32/bin/../lib/gcc/nios2-elf/5.3.0/mno-hw-mul\libgcc.a(mulsf3.o)
 .debug_aranges
                0x0000000000000090       0x20 c:/intelfpga_lite/18.1/nios2eds/bin/gnu/h-x86_64-mingw32/bin/../lib/gcc/nios2-elf/5.3.0/mno-hw-mul\libgcc.a(fixsfsi.o)
 .debug_aranges
                0x00000000000000b0       0x20 c:/intelfpga_lite/18.1/nios2eds/bin/gnu/h-x86_64-mingw32/bin/../lib/gcc/nios2-elf/5.3.0/mno-hw-mul\libgcc.a(floatsisf.o)
 .debug_aranges
                0x00000000000000d0       0x20 c:/intelfpga_lite/18.1/nios2eds/bin/gnu/h-x86_64-mingw32/bin/../lib/gcc/nios2-elf/5.3.0/mno-hw-mul\libgcc.a(floatunsisf.o)
 .debug_aranges
                0x00000000000000f0       0x20 c:/intelfpga_lite/18.1/nios2eds/bin/gnu/h-x86_64-mingw32/bin/../lib/gcc/nios2-elf/5.3.0/mno-hw-mul\libgcc.a(extendsfdf2.o)
 .debug_aranges
                0x0000000000000110       0x20 c:/intelfpga_lite/18.1/nios2eds/bin/gnu/h-x86_64-mingw32/bin/../lib/gcc/nios2-elf/5.3.0/mno-hw-mul\libgcc.a(_clzsi2.o)
 .debug_aranges
                0x0000000000000130       0x20 c:/intelfpga_lite/18.1/nios2eds/bin/gnu/h-x86_64-mingw32/bin/../lib/gcc/nios2-elf/5.3.0/mno-hw-mul\libgcc.a(lib2-mul.o)
 .debug_aranges
                0x0000000000000150       0x18 c:/intelfpga_lite/18.1/nios2eds/bin/gnu/h-x86_64-mingw32/bin/../lib/gcc/nios2-elf/5.3.0/mno-hw-mul\libgcc.a(_clz.o)
 .debug_aranges
                0x0000000000000168       0x20 ../accelerometer_c_bsp/\libhal_bsp.a(alt_irq_register.o)
 .debug_aranges
                0x0000000000000188       0x18 ../accelerometer_c_bsp/\libhal_bsp.a(alt_irq_vars.o)
 .debug_aranges
                0x00000000000001a0       0x20 ../accelerometer_c_bsp/\libhal_bsp.a(alt_load.o)
 .debug_aranges
                0x00000000000001c0       0x20 ../accelerometer_c_bsp/\libhal_bsp.a(alt_main.o)
 .debug_aranges
                0x00000000000001e0       0x20 ../accelerometer_c_bsp/\libhal_bsp.a(alt_printf.o)
 .debug_aranges
                0x0000000000000200       0x20 ../accelerometer_c_bsp/\libhal_bsp.a(alt_putchar.o)
 .debug_aranges
                0x0000000000000220       0x20 ../accelerometer_c_bsp/\libhal_bsp.a(alt_times.o)
 .debug_aranges
                0x0000000000000240       0x20 ../accelerometer_c_bsp/\libhal_bsp.a(alt_sys_init.o)
 .debug_aranges
                0x0000000000000260       0x20 ../accelerometer_c_bsp/\libhal_bsp.a(altera_avalon_jtag_uart_write.o)
 .debug_aranges
                0x0000000000000280       0x18 ../accelerometer_c_bsp/\libhal_bsp.a(altera_avalon_timer_vars.o)
 .debug_aranges
                0x0000000000000298       0x20 ../accelerometer_c_bsp/\libhal_bsp.a(altera_up_avalon_accelerometer_spi.o)
 .debug_aranges
                0x00000000000002b8       0x20 ../accelerometer_c_bsp/\libhal_bsp.a(alt_dcache_flush_all.o)
 .debug_aranges
                0x00000000000002d8       0x20 ../accelerometer_c_bsp/\libhal_bsp.a(alt_dev.o)
 .debug_aranges
                0x00000000000002f8       0x20 ../accelerometer_c_bsp/\libhal_bsp.a(alt_dev_llist_insert.o)
 .debug_aranges
                0x0000000000000318       0x18 ../accelerometer_c_bsp/\libhal_bsp.a(alt_errno.o)
 .debug_aranges
                0x0000000000000330       0x20 ../accelerometer_c_bsp/\libhal_bsp.a(alt_find_dev.o)
 .debug_aranges
                0x0000000000000350       0x20 ../accelerometer_c_bsp/\libhal_bsp.a(alt_icache_flush_all.o)
 .debug_aranges
                0x0000000000000370       0x30 ../accelerometer_c_bsp/\libhal_bsp.a(alt_irq_entry.o)
 .debug_aranges
                0x00000000000003a0       0x20 ../accelerometer_c_bsp/\libhal_bsp.a(alt_irq_handler.o)
 .debug_aranges
                0x00000000000003c0       0x20 ../accelerometer_c_bsp/\libhal_bsp.a(alt_tick.o)
 .debug_aranges
                0x00000000000003e0       0x20 ../accelerometer_c_bsp/\libhal_bsp.a(altera_nios2_gen2_irq.o)
 .debug_aranges
                0x0000000000000400       0x38 ../accelerometer_c_bsp/\libhal_bsp.a(alt_exception_entry.o)
 .debug_aranges
                0x0000000000000438       0x28 ../accelerometer_c_bsp/\libhal_bsp.a(alt_instruction_exception_entry.o)
 .debug_aranges
                0x0000000000000460       0x18 c:/intelfpga_lite/18.1/nios2eds/bin/gnu/h-x86_64-mingw32/bin/../lib/gcc/nios2-elf/5.3.0/../../../../../H-x86_64-mingw32/nios2-elf/lib/mno-hw-mul\libsmallc.a(lib_a-int_errno.o)
 .debug_aranges
                0x0000000000000478       0x20 c:/intelfpga_lite/18.1/nios2eds/bin/gnu/h-x86_64-mingw32/bin/../lib/gcc/nios2-elf/5.3.0/../../../../../H-x86_64-mingw32/nios2-elf/lib/mno-hw-mul\libsmallc.a(lib_a-memcmp.o)
 .debug_aranges
                0x0000000000000498       0x20 c:/intelfpga_lite/18.1/nios2eds/bin/gnu/h-x86_64-mingw32/bin/../lib/gcc/nios2-elf/5.3.0/../../../../../H-x86_64-mingw32/nios2-elf/lib/mno-hw-mul\libsmallc.a(lib_a-strlen.o)

.debug_pubnames
 *(.debug_pubnames)

.debug_info     0x0000000000000000     0x4387
 *(.debug_info .gnu.linkonce.wi.*)
 .debug_info    0x0000000000000000       0xa2 ../accelerometer_c_bsp//obj/HAL/src/crt0.o
 .debug_info    0x00000000000000a2      0x6c7 obj/default/led_acceleromter_main.o
 .debug_info    0x0000000000000769      0x2b7 c:/intelfpga_lite/18.1/nios2eds/bin/gnu/h-x86_64-mingw32/bin/../lib/gcc/nios2-elf/5.3.0/mno-hw-mul\libgcc.a(addsf3.o)
 .debug_info    0x0000000000000a20      0x31d c:/intelfpga_lite/18.1/nios2eds/bin/gnu/h-x86_64-mingw32/bin/../lib/gcc/nios2-elf/5.3.0/mno-hw-mul\libgcc.a(mulsf3.o)
 .debug_info    0x0000000000000d3d      0x18b c:/intelfpga_lite/18.1/nios2eds/bin/gnu/h-x86_64-mingw32/bin/../lib/gcc/nios2-elf/5.3.0/mno-hw-mul\libgcc.a(fixsfsi.o)
 .debug_info    0x0000000000000ec8      0x1c7 c:/intelfpga_lite/18.1/nios2eds/bin/gnu/h-x86_64-mingw32/bin/../lib/gcc/nios2-elf/5.3.0/mno-hw-mul\libgcc.a(floatsisf.o)
 .debug_info    0x000000000000108f      0x1bb c:/intelfpga_lite/18.1/nios2eds/bin/gnu/h-x86_64-mingw32/bin/../lib/gcc/nios2-elf/5.3.0/mno-hw-mul\libgcc.a(floatunsisf.o)
 .debug_info    0x000000000000124a      0x248 c:/intelfpga_lite/18.1/nios2eds/bin/gnu/h-x86_64-mingw32/bin/../lib/gcc/nios2-elf/5.3.0/mno-hw-mul\libgcc.a(extendsfdf2.o)
 .debug_info    0x0000000000001492      0x124 c:/intelfpga_lite/18.1/nios2eds/bin/gnu/h-x86_64-mingw32/bin/../lib/gcc/nios2-elf/5.3.0/mno-hw-mul\libgcc.a(_clzsi2.o)
 .debug_info    0x00000000000015b6       0xb4 c:/intelfpga_lite/18.1/nios2eds/bin/gnu/h-x86_64-mingw32/bin/../lib/gcc/nios2-elf/5.3.0/mno-hw-mul\libgcc.a(lib2-mul.o)
 .debug_info    0x000000000000166a       0xb2 c:/intelfpga_lite/18.1/nios2eds/bin/gnu/h-x86_64-mingw32/bin/../lib/gcc/nios2-elf/5.3.0/mno-hw-mul\libgcc.a(_clz.o)
 .debug_info    0x000000000000171c      0x30d ../accelerometer_c_bsp/\libhal_bsp.a(alt_irq_register.o)
 .debug_info    0x0000000000001a29       0x88 ../accelerometer_c_bsp/\libhal_bsp.a(alt_irq_vars.o)
 .debug_info    0x0000000000001ab1      0x1c9 ../accelerometer_c_bsp/\libhal_bsp.a(alt_load.o)
 .debug_info    0x0000000000001c7a      0x18f ../accelerometer_c_bsp/\libhal_bsp.a(alt_main.o)
 .debug_info    0x0000000000001e09      0x14d ../accelerometer_c_bsp/\libhal_bsp.a(alt_printf.o)
 .debug_info    0x0000000000001f56      0x12a ../accelerometer_c_bsp/\libhal_bsp.a(alt_putchar.o)
 .debug_info    0x0000000000002080      0x1a1 ../accelerometer_c_bsp/\libhal_bsp.a(alt_times.o)
 .debug_info    0x0000000000002221      0x459 ../accelerometer_c_bsp/\libhal_bsp.a(alt_sys_init.o)
 .debug_info    0x000000000000267a      0x1ad ../accelerometer_c_bsp/\libhal_bsp.a(altera_avalon_jtag_uart_write.o)
 .debug_info    0x0000000000002827       0xe9 ../accelerometer_c_bsp/\libhal_bsp.a(altera_avalon_timer_vars.o)
 .debug_info    0x0000000000002910      0x479 ../accelerometer_c_bsp/\libhal_bsp.a(altera_up_avalon_accelerometer_spi.o)
 .debug_info    0x0000000000002d89       0x92 ../accelerometer_c_bsp/\libhal_bsp.a(alt_dcache_flush_all.o)
 .debug_info    0x0000000000002e1b      0x499 ../accelerometer_c_bsp/\libhal_bsp.a(alt_dev.o)
 .debug_info    0x00000000000032b4      0x1b3 ../accelerometer_c_bsp/\libhal_bsp.a(alt_dev_llist_insert.o)
 .debug_info    0x0000000000003467       0xa6 ../accelerometer_c_bsp/\libhal_bsp.a(alt_errno.o)
 .debug_info    0x000000000000350d      0x32d ../accelerometer_c_bsp/\libhal_bsp.a(alt_find_dev.o)
 .debug_info    0x000000000000383a       0x92 ../accelerometer_c_bsp/\libhal_bsp.a(alt_icache_flush_all.o)
 .debug_info    0x00000000000038cc       0xab ../accelerometer_c_bsp/\libhal_bsp.a(alt_irq_entry.o)
 .debug_info    0x0000000000003977      0x1a4 ../accelerometer_c_bsp/\libhal_bsp.a(alt_irq_handler.o)
 .debug_info    0x0000000000003b1b      0x2bf ../accelerometer_c_bsp/\libhal_bsp.a(alt_tick.o)
 .debug_info    0x0000000000003dda       0xb8 ../accelerometer_c_bsp/\libhal_bsp.a(altera_nios2_gen2_irq.o)
 .debug_info    0x0000000000003e92       0xb1 ../accelerometer_c_bsp/\libhal_bsp.a(alt_exception_entry.o)
 .debug_info    0x0000000000003f43      0x1fd ../accelerometer_c_bsp/\libhal_bsp.a(alt_instruction_exception_entry.o)
 .debug_info    0x0000000000004140       0x8a c:/intelfpga_lite/18.1/nios2eds/bin/gnu/h-x86_64-mingw32/bin/../lib/gcc/nios2-elf/5.3.0/../../../../../H-x86_64-mingw32/nios2-elf/lib/mno-hw-mul\libsmallc.a(lib_a-int_errno.o)
 .debug_info    0x00000000000041ca       0xf4 c:/intelfpga_lite/18.1/nios2eds/bin/gnu/h-x86_64-mingw32/bin/../lib/gcc/nios2-elf/5.3.0/../../../../../H-x86_64-mingw32/nios2-elf/lib/mno-hw-mul\libsmallc.a(lib_a-memcmp.o)
 .debug_info    0x00000000000042be       0xc9 c:/intelfpga_lite/18.1/nios2eds/bin/gnu/h-x86_64-mingw32/bin/../lib/gcc/nios2-elf/5.3.0/../../../../../H-x86_64-mingw32/nios2-elf/lib/mno-hw-mul\libsmallc.a(lib_a-strlen.o)

.debug_abbrev   0x0000000000000000     0x1f1c
 *(.debug_abbrev)
 .debug_abbrev  0x0000000000000000       0x12 ../accelerometer_c_bsp//obj/HAL/src/crt0.o
 .debug_abbrev  0x0000000000000012      0x26c obj/default/led_acceleromter_main.o
 .debug_abbrev  0x000000000000027e      0x13c c:/intelfpga_lite/18.1/nios2eds/bin/gnu/h-x86_64-mingw32/bin/../lib/gcc/nios2-elf/5.3.0/mno-hw-mul\libgcc.a(addsf3.o)
 .debug_abbrev  0x00000000000003ba      0x12d c:/intelfpga_lite/18.1/nios2eds/bin/gnu/h-x86_64-mingw32/bin/../lib/gcc/nios2-elf/5.3.0/mno-hw-mul\libgcc.a(mulsf3.o)
 .debug_abbrev  0x00000000000004e7      0x135 c:/intelfpga_lite/18.1/nios2eds/bin/gnu/h-x86_64-mingw32/bin/../lib/gcc/nios2-elf/5.3.0/mno-hw-mul\libgcc.a(fixsfsi.o)
 .debug_abbrev  0x000000000000061c      0x147 c:/intelfpga_lite/18.1/nios2eds/bin/gnu/h-x86_64-mingw32/bin/../lib/gcc/nios2-elf/5.3.0/mno-hw-mul\libgcc.a(floatsisf.o)
 .debug_abbrev  0x0000000000000763      0x147 c:/intelfpga_lite/18.1/nios2eds/bin/gnu/h-x86_64-mingw32/bin/../lib/gcc/nios2-elf/5.3.0/mno-hw-mul\libgcc.a(floatunsisf.o)
 .debug_abbrev  0x00000000000008aa      0x124 c:/intelfpga_lite/18.1/nios2eds/bin/gnu/h-x86_64-mingw32/bin/../lib/gcc/nios2-elf/5.3.0/mno-hw-mul\libgcc.a(extendsfdf2.o)
 .debug_abbrev  0x00000000000009ce       0xbe c:/intelfpga_lite/18.1/nios2eds/bin/gnu/h-x86_64-mingw32/bin/../lib/gcc/nios2-elf/5.3.0/mno-hw-mul\libgcc.a(_clzsi2.o)
 .debug_abbrev  0x0000000000000a8c       0x6f c:/intelfpga_lite/18.1/nios2eds/bin/gnu/h-x86_64-mingw32/bin/../lib/gcc/nios2-elf/5.3.0/mno-hw-mul\libgcc.a(lib2-mul.o)
 .debug_abbrev  0x0000000000000afb       0x5d c:/intelfpga_lite/18.1/nios2eds/bin/gnu/h-x86_64-mingw32/bin/../lib/gcc/nios2-elf/5.3.0/mno-hw-mul\libgcc.a(_clz.o)
 .debug_abbrev  0x0000000000000b58      0x1a5 ../accelerometer_c_bsp/\libhal_bsp.a(alt_irq_register.o)
 .debug_abbrev  0x0000000000000cfd       0x40 ../accelerometer_c_bsp/\libhal_bsp.a(alt_irq_vars.o)
 .debug_abbrev  0x0000000000000d3d       0xd8 ../accelerometer_c_bsp/\libhal_bsp.a(alt_load.o)
 .debug_abbrev  0x0000000000000e15       0xf5 ../accelerometer_c_bsp/\libhal_bsp.a(alt_main.o)
 .debug_abbrev  0x0000000000000f0a       0xd5 ../accelerometer_c_bsp/\libhal_bsp.a(alt_printf.o)
 .debug_abbrev  0x0000000000000fdf       0xd2 ../accelerometer_c_bsp/\libhal_bsp.a(alt_putchar.o)
 .debug_abbrev  0x00000000000010b1       0xe6 ../accelerometer_c_bsp/\libhal_bsp.a(alt_times.o)
 .debug_abbrev  0x0000000000001197      0x1a5 ../accelerometer_c_bsp/\libhal_bsp.a(alt_sys_init.o)
 .debug_abbrev  0x000000000000133c       0xd5 ../accelerometer_c_bsp/\libhal_bsp.a(altera_avalon_jtag_uart_write.o)
 .debug_abbrev  0x0000000000001411       0x83 ../accelerometer_c_bsp/\libhal_bsp.a(altera_avalon_timer_vars.o)
 .debug_abbrev  0x0000000000001494      0x119 ../accelerometer_c_bsp/\libhal_bsp.a(altera_up_avalon_accelerometer_spi.o)
 .debug_abbrev  0x00000000000015ad       0x42 ../accelerometer_c_bsp/\libhal_bsp.a(alt_dcache_flush_all.o)
 .debug_abbrev  0x00000000000015ef       0xd9 ../accelerometer_c_bsp/\libhal_bsp.a(alt_dev.o)
 .debug_abbrev  0x00000000000016c8      0x11c ../accelerometer_c_bsp/\libhal_bsp.a(alt_dev_llist_insert.o)
 .debug_abbrev  0x00000000000017e4       0x5a ../accelerometer_c_bsp/\libhal_bsp.a(alt_errno.o)
 .debug_abbrev  0x000000000000183e      0x125 ../accelerometer_c_bsp/\libhal_bsp.a(alt_find_dev.o)
 .debug_abbrev  0x0000000000001963       0x42 ../accelerometer_c_bsp/\libhal_bsp.a(alt_icache_flush_all.o)
 .debug_abbrev  0x00000000000019a5       0x12 ../accelerometer_c_bsp/\libhal_bsp.a(alt_irq_entry.o)
 .debug_abbrev  0x00000000000019b7      0x138 ../accelerometer_c_bsp/\libhal_bsp.a(alt_irq_handler.o)
 .debug_abbrev  0x0000000000001aef      0x198 ../accelerometer_c_bsp/\libhal_bsp.a(alt_tick.o)
 .debug_abbrev  0x0000000000001c87       0x67 ../accelerometer_c_bsp/\libhal_bsp.a(altera_nios2_gen2_irq.o)
 .debug_abbrev  0x0000000000001cee       0x12 ../accelerometer_c_bsp/\libhal_bsp.a(alt_exception_entry.o)
 .debug_abbrev  0x0000000000001d00       0xe7 ../accelerometer_c_bsp/\libhal_bsp.a(alt_instruction_exception_entry.o)
 .debug_abbrev  0x0000000000001de7       0x37 c:/intelfpga_lite/18.1/nios2eds/bin/gnu/h-x86_64-mingw32/bin/../lib/gcc/nios2-elf/5.3.0/../../../../../H-x86_64-mingw32/nios2-elf/lib/mno-hw-mul\libsmallc.a(lib_a-int_errno.o)
 .debug_abbrev  0x0000000000001e1e       0x7f c:/intelfpga_lite/18.1/nios2eds/bin/gnu/h-x86_64-mingw32/bin/../lib/gcc/nios2-elf/5.3.0/../../../../../H-x86_64-mingw32/nios2-elf/lib/mno-hw-mul\libsmallc.a(lib_a-memcmp.o)
 .debug_abbrev  0x0000000000001e9d       0x7f c:/intelfpga_lite/18.1/nios2eds/bin/gnu/h-x86_64-mingw32/bin/../lib/gcc/nios2-elf/5.3.0/../../../../../H-x86_64-mingw32/nios2-elf/lib/mno-hw-mul\libsmallc.a(lib_a-strlen.o)

.debug_line     0x0000000000000000     0x1f9f
 *(.debug_line)
 .debug_line    0x0000000000000000       0x66 ../accelerometer_c_bsp//obj/HAL/src/crt0.o
 .debug_line    0x0000000000000066      0x231 obj/default/led_acceleromter_main.o
 .debug_line    0x0000000000000297      0x28a c:/intelfpga_lite/18.1/nios2eds/bin/gnu/h-x86_64-mingw32/bin/../lib/gcc/nios2-elf/5.3.0/mno-hw-mul\libgcc.a(addsf3.o)
 .debug_line    0x0000000000000521      0x15c c:/intelfpga_lite/18.1/nios2eds/bin/gnu/h-x86_64-mingw32/bin/../lib/gcc/nios2-elf/5.3.0/mno-hw-mul\libgcc.a(mulsf3.o)
 .debug_line    0x000000000000067d       0x9a c:/intelfpga_lite/18.1/nios2eds/bin/gnu/h-x86_64-mingw32/bin/../lib/gcc/nios2-elf/5.3.0/mno-hw-mul\libgcc.a(fixsfsi.o)
 .debug_line    0x0000000000000717       0xb3 c:/intelfpga_lite/18.1/nios2eds/bin/gnu/h-x86_64-mingw32/bin/../lib/gcc/nios2-elf/5.3.0/mno-hw-mul\libgcc.a(floatsisf.o)
 .debug_line    0x00000000000007ca       0xa9 c:/intelfpga_lite/18.1/nios2eds/bin/gnu/h-x86_64-mingw32/bin/../lib/gcc/nios2-elf/5.3.0/mno-hw-mul\libgcc.a(floatunsisf.o)
 .debug_line    0x0000000000000873       0xc4 c:/intelfpga_lite/18.1/nios2eds/bin/gnu/h-x86_64-mingw32/bin/../lib/gcc/nios2-elf/5.3.0/mno-hw-mul\libgcc.a(extendsfdf2.o)
 .debug_line    0x0000000000000937       0xbd c:/intelfpga_lite/18.1/nios2eds/bin/gnu/h-x86_64-mingw32/bin/../lib/gcc/nios2-elf/5.3.0/mno-hw-mul\libgcc.a(_clzsi2.o)
 .debug_line    0x00000000000009f4       0x80 c:/intelfpga_lite/18.1/nios2eds/bin/gnu/h-x86_64-mingw32/bin/../lib/gcc/nios2-elf/5.3.0/mno-hw-mul\libgcc.a(lib2-mul.o)
 .debug_line    0x0000000000000a74       0x56 c:/intelfpga_lite/18.1/nios2eds/bin/gnu/h-x86_64-mingw32/bin/../lib/gcc/nios2-elf/5.3.0/mno-hw-mul\libgcc.a(_clz.o)
 .debug_line    0x0000000000000aca       0xed ../accelerometer_c_bsp/\libhal_bsp.a(alt_irq_register.o)
 .debug_line    0x0000000000000bb7       0x50 ../accelerometer_c_bsp/\libhal_bsp.a(alt_irq_vars.o)
 .debug_line    0x0000000000000c07       0xa4 ../accelerometer_c_bsp/\libhal_bsp.a(alt_load.o)
 .debug_line    0x0000000000000cab       0xea ../accelerometer_c_bsp/\libhal_bsp.a(alt_main.o)
 .debug_line    0x0000000000000d95      0x112 ../accelerometer_c_bsp/\libhal_bsp.a(alt_printf.o)
 .debug_line    0x0000000000000ea7       0x55 ../accelerometer_c_bsp/\libhal_bsp.a(alt_putchar.o)
 .debug_line    0x0000000000000efc      0x13a ../accelerometer_c_bsp/\libhal_bsp.a(alt_times.o)
 .debug_line    0x0000000000001036      0x184 ../accelerometer_c_bsp/\libhal_bsp.a(alt_sys_init.o)
 .debug_line    0x00000000000011ba      0x104 ../accelerometer_c_bsp/\libhal_bsp.a(altera_avalon_jtag_uart_write.o)
 .debug_line    0x00000000000012be       0x8a ../accelerometer_c_bsp/\libhal_bsp.a(altera_avalon_timer_vars.o)
 .debug_line    0x0000000000001348      0x131 ../accelerometer_c_bsp/\libhal_bsp.a(altera_up_avalon_accelerometer_spi.o)
 .debug_line    0x0000000000001479       0x4e ../accelerometer_c_bsp/\libhal_bsp.a(alt_dcache_flush_all.o)
 .debug_line    0x00000000000014c7       0xf6 ../accelerometer_c_bsp/\libhal_bsp.a(alt_dev.o)
 .debug_line    0x00000000000015bd       0xd8 ../accelerometer_c_bsp/\libhal_bsp.a(alt_dev_llist_insert.o)
 .debug_line    0x0000000000001695       0x51 ../accelerometer_c_bsp/\libhal_bsp.a(alt_errno.o)
 .debug_line    0x00000000000016e6      0x107 ../accelerometer_c_bsp/\libhal_bsp.a(alt_find_dev.o)
 .debug_line    0x00000000000017ed       0x4e ../accelerometer_c_bsp/\libhal_bsp.a(alt_icache_flush_all.o)
 .debug_line    0x000000000000183b       0x6b ../accelerometer_c_bsp/\libhal_bsp.a(alt_irq_entry.o)
 .debug_line    0x00000000000018a6       0xc8 ../accelerometer_c_bsp/\libhal_bsp.a(alt_irq_handler.o)
 .debug_line    0x000000000000196e      0x118 ../accelerometer_c_bsp/\libhal_bsp.a(alt_tick.o)
 .debug_line    0x0000000000001a86       0x8c ../accelerometer_c_bsp/\libhal_bsp.a(altera_nios2_gen2_irq.o)
 .debug_line    0x0000000000001b12       0xb3 ../accelerometer_c_bsp/\libhal_bsp.a(alt_exception_entry.o)
 .debug_line    0x0000000000001bc5       0xbf ../accelerometer_c_bsp/\libhal_bsp.a(alt_instruction_exception_entry.o)
 .debug_line    0x0000000000001c84       0x5f c:/intelfpga_lite/18.1/nios2eds/bin/gnu/h-x86_64-mingw32/bin/../lib/gcc/nios2-elf/5.3.0/../../../../../H-x86_64-mingw32/nios2-elf/lib/mno-hw-mul\libsmallc.a(lib_a-int_errno.o)
 .debug_line    0x0000000000001ce3      0x160 c:/intelfpga_lite/18.1/nios2eds/bin/gnu/h-x86_64-mingw32/bin/../lib/gcc/nios2-elf/5.3.0/../../../../../H-x86_64-mingw32/nios2-elf/lib/mno-hw-mul\libsmallc.a(lib_a-memcmp.o)
 .debug_line    0x0000000000001e43      0x15c c:/intelfpga_lite/18.1/nios2eds/bin/gnu/h-x86_64-mingw32/bin/../lib/gcc/nios2-elf/5.3.0/../../../../../H-x86_64-mingw32/nios2-elf/lib/mno-hw-mul\libsmallc.a(lib_a-strlen.o)

.debug_frame    0x0000000000000000      0x65c
 *(.debug_frame)
 .debug_frame   0x0000000000000000       0xe0 obj/default/led_acceleromter_main.o
 .debug_frame   0x00000000000000e0       0x3c c:/intelfpga_lite/18.1/nios2eds/bin/gnu/h-x86_64-mingw32/bin/../lib/gcc/nios2-elf/5.3.0/mno-hw-mul\libgcc.a(addsf3.o)
 .debug_frame   0x000000000000011c       0x58 c:/intelfpga_lite/18.1/nios2eds/bin/gnu/h-x86_64-mingw32/bin/../lib/gcc/nios2-elf/5.3.0/mno-hw-mul\libgcc.a(mulsf3.o)
 .debug_frame   0x0000000000000174       0x20 c:/intelfpga_lite/18.1/nios2eds/bin/gnu/h-x86_64-mingw32/bin/../lib/gcc/nios2-elf/5.3.0/mno-hw-mul\libgcc.a(fixsfsi.o)
 .debug_frame   0x0000000000000194       0x38 c:/intelfpga_lite/18.1/nios2eds/bin/gnu/h-x86_64-mingw32/bin/../lib/gcc/nios2-elf/5.3.0/mno-hw-mul\libgcc.a(floatsisf.o)
 .debug_frame   0x00000000000001cc       0x34 c:/intelfpga_lite/18.1/nios2eds/bin/gnu/h-x86_64-mingw32/bin/../lib/gcc/nios2-elf/5.3.0/mno-hw-mul\libgcc.a(floatunsisf.o)
 .debug_frame   0x0000000000000200       0x38 c:/intelfpga_lite/18.1/nios2eds/bin/gnu/h-x86_64-mingw32/bin/../lib/gcc/nios2-elf/5.3.0/mno-hw-mul\libgcc.a(extendsfdf2.o)
 .debug_frame   0x0000000000000238       0x20 c:/intelfpga_lite/18.1/nios2eds/bin/gnu/h-x86_64-mingw32/bin/../lib/gcc/nios2-elf/5.3.0/mno-hw-mul\libgcc.a(_clzsi2.o)
 .debug_frame   0x0000000000000258       0x20 c:/intelfpga_lite/18.1/nios2eds/bin/gnu/h-x86_64-mingw32/bin/../lib/gcc/nios2-elf/5.3.0/mno-hw-mul\libgcc.a(lib2-mul.o)
 .debug_frame   0x0000000000000278       0x20 ../accelerometer_c_bsp/\libhal_bsp.a(alt_irq_register.o)
 .debug_frame   0x0000000000000298       0x30 ../accelerometer_c_bsp/\libhal_bsp.a(alt_load.o)
 .debug_frame   0x00000000000002c8       0x2c ../accelerometer_c_bsp/\libhal_bsp.a(alt_main.o)
 .debug_frame   0x00000000000002f4       0x54 ../accelerometer_c_bsp/\libhal_bsp.a(alt_printf.o)
 .debug_frame   0x0000000000000348       0x30 ../accelerometer_c_bsp/\libhal_bsp.a(alt_putchar.o)
 .debug_frame   0x0000000000000378       0x2c ../accelerometer_c_bsp/\libhal_bsp.a(alt_times.o)
 .debug_frame   0x00000000000003a4       0x3c ../accelerometer_c_bsp/\libhal_bsp.a(alt_sys_init.o)
 .debug_frame   0x00000000000003e0       0x20 ../accelerometer_c_bsp/\libhal_bsp.a(altera_avalon_jtag_uart_write.o)
 .debug_frame   0x0000000000000400       0x80 ../accelerometer_c_bsp/\libhal_bsp.a(altera_up_avalon_accelerometer_spi.o)
 .debug_frame   0x0000000000000480       0x20 ../accelerometer_c_bsp/\libhal_bsp.a(alt_dcache_flush_all.o)
 .debug_frame   0x00000000000004a0       0x20 ../accelerometer_c_bsp/\libhal_bsp.a(alt_dev.o)
 .debug_frame   0x00000000000004c0       0x2c ../accelerometer_c_bsp/\libhal_bsp.a(alt_dev_llist_insert.o)
 .debug_frame   0x00000000000004ec       0x3c ../accelerometer_c_bsp/\libhal_bsp.a(alt_find_dev.o)
 .debug_frame   0x0000000000000528       0x20 ../accelerometer_c_bsp/\libhal_bsp.a(alt_icache_flush_all.o)
 .debug_frame   0x0000000000000548       0x34 ../accelerometer_c_bsp/\libhal_bsp.a(alt_irq_handler.o)
 .debug_frame   0x000000000000057c       0x50 ../accelerometer_c_bsp/\libhal_bsp.a(alt_tick.o)
 .debug_frame   0x00000000000005cc       0x20 ../accelerometer_c_bsp/\libhal_bsp.a(altera_nios2_gen2_irq.o)
 .debug_frame   0x00000000000005ec       0x30 ../accelerometer_c_bsp/\libhal_bsp.a(alt_instruction_exception_entry.o)
 .debug_frame   0x000000000000061c       0x20 c:/intelfpga_lite/18.1/nios2eds/bin/gnu/h-x86_64-mingw32/bin/../lib/gcc/nios2-elf/5.3.0/../../../../../H-x86_64-mingw32/nios2-elf/lib/mno-hw-mul\libsmallc.a(lib_a-memcmp.o)
 .debug_frame   0x000000000000063c       0x20 c:/intelfpga_lite/18.1/nios2eds/bin/gnu/h-x86_64-mingw32/bin/../lib/gcc/nios2-elf/5.3.0/../../../../../H-x86_64-mingw32/nios2-elf/lib/mno-hw-mul\libsmallc.a(lib_a-strlen.o)

.debug_str      0x0000000000000000     0x17a0
 *(.debug_str)
 .debug_str     0x0000000000000000      0x317 obj/default/led_acceleromter_main.o
                                        0x376 (size before relaxing)
 .debug_str     0x0000000000000317      0x203 c:/intelfpga_lite/18.1/nios2eds/bin/gnu/h-x86_64-mingw32/bin/../lib/gcc/nios2-elf/5.3.0/mno-hw-mul\libgcc.a(addsf3.o)
                                        0x283 (size before relaxing)
 .debug_str     0x000000000000051a       0xd1 c:/intelfpga_lite/18.1/nios2eds/bin/gnu/h-x86_64-mingw32/bin/../lib/gcc/nios2-elf/5.3.0/mno-hw-mul\libgcc.a(mulsf3.o)
                                        0x2a0 (size before relaxing)
 .debug_str     0x00000000000005eb       0x56 c:/intelfpga_lite/18.1/nios2eds/bin/gnu/h-x86_64-mingw32/bin/../lib/gcc/nios2-elf/5.3.0/mno-hw-mul\libgcc.a(fixsfsi.o)
                                        0x219 (size before relaxing)
 .debug_str     0x0000000000000641       0x6c c:/intelfpga_lite/18.1/nios2eds/bin/gnu/h-x86_64-mingw32/bin/../lib/gcc/nios2-elf/5.3.0/mno-hw-mul\libgcc.a(floatsisf.o)
                                        0x24e (size before relaxing)
 .debug_str     0x00000000000006ad       0x43 c:/intelfpga_lite/18.1/nios2eds/bin/gnu/h-x86_64-mingw32/bin/../lib/gcc/nios2-elf/5.3.0/mno-hw-mul\libgcc.a(floatunsisf.o)
                                        0x24b (size before relaxing)
 .debug_str     0x00000000000006f0       0x8c c:/intelfpga_lite/18.1/nios2eds/bin/gnu/h-x86_64-mingw32/bin/../lib/gcc/nios2-elf/5.3.0/mno-hw-mul\libgcc.a(extendsfdf2.o)
                                        0x24f (size before relaxing)
 .debug_str     0x000000000000077c       0x66 c:/intelfpga_lite/18.1/nios2eds/bin/gnu/h-x86_64-mingw32/bin/../lib/gcc/nios2-elf/5.3.0/mno-hw-mul\libgcc.a(_clzsi2.o)
                                        0x200 (size before relaxing)
 .debug_str     0x00000000000007e2       0x40 c:/intelfpga_lite/18.1/nios2eds/bin/gnu/h-x86_64-mingw32/bin/../lib/gcc/nios2-elf/5.3.0/mno-hw-mul\libgcc.a(lib2-mul.o)
                                        0x193 (size before relaxing)
 .debug_str     0x0000000000000822      0x1e3 c:/intelfpga_lite/18.1/nios2eds/bin/gnu/h-x86_64-mingw32/bin/../lib/gcc/nios2-elf/5.3.0/mno-hw-mul\libgcc.a(_clz.o)
 .debug_str     0x0000000000000822      0x10b ../accelerometer_c_bsp/\libhal_bsp.a(alt_irq_register.o)
                                        0x23c (size before relaxing)
 .debug_str     0x000000000000092d       0x17 ../accelerometer_c_bsp/\libhal_bsp.a(alt_irq_vars.o)
                                        0x16e (size before relaxing)
 .debug_str     0x0000000000000944      0x113 ../accelerometer_c_bsp/\libhal_bsp.a(alt_load.o)
                                        0x270 (size before relaxing)
 .debug_str     0x0000000000000a57       0x5e ../accelerometer_c_bsp/\libhal_bsp.a(alt_main.o)
                                        0x212 (size before relaxing)
 .debug_str     0x0000000000000ab5       0x59 ../accelerometer_c_bsp/\libhal_bsp.a(alt_printf.o)
                                        0x13a (size before relaxing)
 .debug_str     0x0000000000000b0e       0x5e ../accelerometer_c_bsp/\libhal_bsp.a(alt_putchar.o)
                                        0x1bf (size before relaxing)
 .debug_str     0x0000000000000b6c       0x86 ../accelerometer_c_bsp/\libhal_bsp.a(alt_times.o)
                                        0x208 (size before relaxing)
 .debug_str     0x0000000000000bf2       0xdf ../accelerometer_c_bsp/\libhal_bsp.a(alt_sys_init.o)
                                        0x37e (size before relaxing)
 .debug_str     0x0000000000000cd1       0x32 ../accelerometer_c_bsp/\libhal_bsp.a(altera_avalon_jtag_uart_write.o)
                                        0x26a (size before relaxing)
 .debug_str     0x0000000000000d03       0x27 ../accelerometer_c_bsp/\libhal_bsp.a(altera_avalon_timer_vars.o)
                                        0x1ed (size before relaxing)
 .debug_str     0x0000000000000d2a      0x103 ../accelerometer_c_bsp/\libhal_bsp.a(altera_up_avalon_accelerometer_spi.o)
                                        0x382 (size before relaxing)
 .debug_str     0x0000000000000e2d       0x1f ../accelerometer_c_bsp/\libhal_bsp.a(alt_dcache_flush_all.o)
                                        0x189 (size before relaxing)
 .debug_str     0x0000000000000e4c      0x125 ../accelerometer_c_bsp/\libhal_bsp.a(alt_dev.o)
                                        0x339 (size before relaxing)
 .debug_str     0x0000000000000f71       0x30 ../accelerometer_c_bsp/\libhal_bsp.a(alt_dev_llist_insert.o)
                                        0x200 (size before relaxing)
 .debug_str     0x0000000000000fa1       0x14 ../accelerometer_c_bsp/\libhal_bsp.a(alt_errno.o)
                                        0x179 (size before relaxing)
 .debug_str     0x0000000000000fb5       0x25 ../accelerometer_c_bsp/\libhal_bsp.a(alt_find_dev.o)
                                        0x22e (size before relaxing)
 .debug_str     0x0000000000000fda       0x1f ../accelerometer_c_bsp/\libhal_bsp.a(alt_icache_flush_all.o)
                                        0x189 (size before relaxing)
 .debug_str     0x0000000000000ff9       0x3a ../accelerometer_c_bsp/\libhal_bsp.a(alt_irq_handler.o)
                                        0x1ec (size before relaxing)
 .debug_str     0x0000000000001033       0x78 ../accelerometer_c_bsp/\libhal_bsp.a(alt_tick.o)
                                        0x2a7 (size before relaxing)
 .debug_str     0x00000000000010ab       0x20 ../accelerometer_c_bsp/\libhal_bsp.a(altera_nios2_gen2_irq.o)
                                        0x1b9 (size before relaxing)
 .debug_str     0x00000000000010cb      0x48b ../accelerometer_c_bsp/\libhal_bsp.a(alt_instruction_exception_entry.o)
                                        0x5d4 (size before relaxing)
 .debug_str     0x0000000000001556      0x134 c:/intelfpga_lite/18.1/nios2eds/bin/gnu/h-x86_64-mingw32/bin/../lib/gcc/nios2-elf/5.3.0/../../../../../H-x86_64-mingw32/nios2-elf/lib/mno-hw-mul\libsmallc.a(lib_a-int_errno.o)
                                        0x1d8 (size before relaxing)
 .debug_str     0x000000000000168a       0xd9 c:/intelfpga_lite/18.1/nios2eds/bin/gnu/h-x86_64-mingw32/bin/../lib/gcc/nios2-elf/5.3.0/../../../../../H-x86_64-mingw32/nios2-elf/lib/mno-hw-mul\libsmallc.a(lib_a-memcmp.o)
                                        0x1df (size before relaxing)
 .debug_str     0x0000000000001763       0x3d c:/intelfpga_lite/18.1/nios2eds/bin/gnu/h-x86_64-mingw32/bin/../lib/gcc/nios2-elf/5.3.0/../../../../../H-x86_64-mingw32/nios2-elf/lib/mno-hw-mul\libsmallc.a(lib_a-strlen.o)
                                        0x1e5 (size before relaxing)

.debug_loc      0x0000000000000000     0x2310
 *(.debug_loc)
 .debug_loc     0x0000000000000000      0x25d obj/default/led_acceleromter_main.o
 .debug_loc     0x000000000000025d      0xae0 c:/intelfpga_lite/18.1/nios2eds/bin/gnu/h-x86_64-mingw32/bin/../lib/gcc/nios2-elf/5.3.0/mno-hw-mul\libgcc.a(addsf3.o)
 .debug_loc     0x0000000000000d3d      0x733 c:/intelfpga_lite/18.1/nios2eds/bin/gnu/h-x86_64-mingw32/bin/../lib/gcc/nios2-elf/5.3.0/mno-hw-mul\libgcc.a(mulsf3.o)
 .debug_loc     0x0000000000001470       0xc3 c:/intelfpga_lite/18.1/nios2eds/bin/gnu/h-x86_64-mingw32/bin/../lib/gcc/nios2-elf/5.3.0/mno-hw-mul\libgcc.a(fixsfsi.o)
 .debug_loc     0x0000000000001533      0x187 c:/intelfpga_lite/18.1/nios2eds/bin/gnu/h-x86_64-mingw32/bin/../lib/gcc/nios2-elf/5.3.0/mno-hw-mul\libgcc.a(floatsisf.o)
 .debug_loc     0x00000000000016ba      0x1b2 c:/intelfpga_lite/18.1/nios2eds/bin/gnu/h-x86_64-mingw32/bin/../lib/gcc/nios2-elf/5.3.0/mno-hw-mul\libgcc.a(floatunsisf.o)
 .debug_loc     0x000000000000186c      0x26d c:/intelfpga_lite/18.1/nios2eds/bin/gnu/h-x86_64-mingw32/bin/../lib/gcc/nios2-elf/5.3.0/mno-hw-mul\libgcc.a(extendsfdf2.o)
 .debug_loc     0x0000000000001ad9       0x6b c:/intelfpga_lite/18.1/nios2eds/bin/gnu/h-x86_64-mingw32/bin/../lib/gcc/nios2-elf/5.3.0/mno-hw-mul\libgcc.a(_clzsi2.o)
 .debug_loc     0x0000000000001b44       0x93 c:/intelfpga_lite/18.1/nios2eds/bin/gnu/h-x86_64-mingw32/bin/../lib/gcc/nios2-elf/5.3.0/mno-hw-mul\libgcc.a(lib2-mul.o)
 .debug_loc     0x0000000000001bd7       0xfa ../accelerometer_c_bsp/\libhal_bsp.a(alt_irq_register.o)
 .debug_loc     0x0000000000001cd1      0x1de ../accelerometer_c_bsp/\libhal_bsp.a(alt_printf.o)
 .debug_loc     0x0000000000001eaf       0x2c ../accelerometer_c_bsp/\libhal_bsp.a(alt_putchar.o)
 .debug_loc     0x0000000000001edb       0x2c ../accelerometer_c_bsp/\libhal_bsp.a(alt_times.o)
 .debug_loc     0x0000000000001f07       0x21 ../accelerometer_c_bsp/\libhal_bsp.a(alt_sys_init.o)
 .debug_loc     0x0000000000001f28       0x8b ../accelerometer_c_bsp/\libhal_bsp.a(altera_avalon_jtag_uart_write.o)
 .debug_loc     0x0000000000001fb3       0x63 ../accelerometer_c_bsp/\libhal_bsp.a(altera_up_avalon_accelerometer_spi.o)
 .debug_loc     0x0000000000002016       0x7e ../accelerometer_c_bsp/\libhal_bsp.a(alt_dev_llist_insert.o)
 .debug_loc     0x0000000000002094       0x7e ../accelerometer_c_bsp/\libhal_bsp.a(alt_find_dev.o)
 .debug_loc     0x0000000000002112       0x72 ../accelerometer_c_bsp/\libhal_bsp.a(alt_irq_handler.o)
 .debug_loc     0x0000000000002184       0x75 ../accelerometer_c_bsp/\libhal_bsp.a(alt_tick.o)
 .debug_loc     0x00000000000021f9       0x65 ../accelerometer_c_bsp/\libhal_bsp.a(alt_instruction_exception_entry.o)
 .debug_loc     0x000000000000225e       0x94 c:/intelfpga_lite/18.1/nios2eds/bin/gnu/h-x86_64-mingw32/bin/../lib/gcc/nios2-elf/5.3.0/../../../../../H-x86_64-mingw32/nios2-elf/lib/mno-hw-mul\libsmallc.a(lib_a-memcmp.o)
 .debug_loc     0x00000000000022f2       0x1e c:/intelfpga_lite/18.1/nios2eds/bin/gnu/h-x86_64-mingw32/bin/../lib/gcc/nios2-elf/5.3.0/../../../../../H-x86_64-mingw32/nios2-elf/lib/mno-hw-mul\libsmallc.a(lib_a-strlen.o)

.debug_macinfo
 *(.debug_macinfo)

.debug_weaknames
 *(.debug_weaknames)

.debug_funcnames
 *(.debug_funcnames)

.debug_typenames
 *(.debug_typenames)

.debug_varnames
 *(.debug_varnames)

.debug_alt_sim_info
                0x0000000000000000       0x10
 *(.debug_alt_sim_info)
 .debug_alt_sim_info
                0x0000000000000000       0x10 ../accelerometer_c_bsp//obj/HAL/src/crt0.o
                0x0000000000020000                __alt_data_end = 0x20000
                0x0000000000020000                PROVIDE (__alt_stack_pointer, __alt_data_end)
                [!provide]                        PROVIDE (__alt_stack_limit, __alt_stack_base)
                [!provide]                        PROVIDE (__alt_heap_start, end)
                [!provide]                        PROVIDE (__alt_heap_limit, 0x20000)
OUTPUT(accelerometer_c.elf elf32-littlenios2)

.debug_ranges   0x0000000000000000      0x4d0
 .debug_ranges  0x0000000000000000       0x20 ../accelerometer_c_bsp//obj/HAL/src/crt0.o
 .debug_ranges  0x0000000000000020       0x60 obj/default/led_acceleromter_main.o
 .debug_ranges  0x0000000000000080      0x188 c:/intelfpga_lite/18.1/nios2eds/bin/gnu/h-x86_64-mingw32/bin/../lib/gcc/nios2-elf/5.3.0/mno-hw-mul\libgcc.a(addsf3.o)
 .debug_ranges  0x0000000000000208       0x68 c:/intelfpga_lite/18.1/nios2eds/bin/gnu/h-x86_64-mingw32/bin/../lib/gcc/nios2-elf/5.3.0/mno-hw-mul\libgcc.a(mulsf3.o)
 .debug_ranges  0x0000000000000270       0x30 c:/intelfpga_lite/18.1/nios2eds/bin/gnu/h-x86_64-mingw32/bin/../lib/gcc/nios2-elf/5.3.0/mno-hw-mul\libgcc.a(fixsfsi.o)
 .debug_ranges  0x00000000000002a0       0x38 c:/intelfpga_lite/18.1/nios2eds/bin/gnu/h-x86_64-mingw32/bin/../lib/gcc/nios2-elf/5.3.0/mno-hw-mul\libgcc.a(floatsisf.o)
 .debug_ranges  0x00000000000002d8       0x38 c:/intelfpga_lite/18.1/nios2eds/bin/gnu/h-x86_64-mingw32/bin/../lib/gcc/nios2-elf/5.3.0/mno-hw-mul\libgcc.a(floatunsisf.o)
 .debug_ranges  0x0000000000000310       0x48 c:/intelfpga_lite/18.1/nios2eds/bin/gnu/h-x86_64-mingw32/bin/../lib/gcc/nios2-elf/5.3.0/mno-hw-mul\libgcc.a(extendsfdf2.o)
 .debug_ranges  0x0000000000000358       0x18 c:/intelfpga_lite/18.1/nios2eds/bin/gnu/h-x86_64-mingw32/bin/../lib/gcc/nios2-elf/5.3.0/mno-hw-mul\libgcc.a(_clzsi2.o)
 .debug_ranges  0x0000000000000370       0x48 ../accelerometer_c_bsp/\libhal_bsp.a(alt_load.o)
 .debug_ranges  0x00000000000003b8       0x18 ../accelerometer_c_bsp/\libhal_bsp.a(alt_printf.o)
 .debug_ranges  0x00000000000003d0       0x20 ../accelerometer_c_bsp/\libhal_bsp.a(alt_times.o)
 .debug_ranges  0x00000000000003f0       0x20 ../accelerometer_c_bsp/\libhal_bsp.a(alt_sys_init.o)
 .debug_ranges  0x0000000000000410       0x20 ../accelerometer_c_bsp/\libhal_bsp.a(alt_dev_llist_insert.o)
 .debug_ranges  0x0000000000000430       0x28 ../accelerometer_c_bsp/\libhal_bsp.a(alt_irq_entry.o)
 .debug_ranges  0x0000000000000458       0x10 ../accelerometer_c_bsp/\libhal_bsp.a(alt_irq_handler.o)
 .debug_ranges  0x0000000000000468       0x30 ../accelerometer_c_bsp/\libhal_bsp.a(alt_exception_entry.o)
 .debug_ranges  0x0000000000000498       0x18 ../accelerometer_c_bsp/\libhal_bsp.a(alt_instruction_exception_entry.o)
 .debug_ranges  0x00000000000004b0       0x10 c:/intelfpga_lite/18.1/nios2eds/bin/gnu/h-x86_64-mingw32/bin/../lib/gcc/nios2-elf/5.3.0/../../../../../H-x86_64-mingw32/nios2-elf/lib/mno-hw-mul\libsmallc.a(lib_a-memcmp.o)
 .debug_ranges  0x00000000000004c0       0x10 c:/intelfpga_lite/18.1/nios2eds/bin/gnu/h-x86_64-mingw32/bin/../lib/gcc/nios2-elf/5.3.0/../../../../../H-x86_64-mingw32/nios2-elf/lib/mno-hw-mul\libsmallc.a(lib_a-strlen.o)
